Archive member included to satisfy reference by file (symbol)

app/libapp.a(main.c.obj)      (--whole-archive)
app/libapp.a(button.c.obj)    (--whole-archive)
app/libapp.a(led.c.obj)       (--whole-archive)
app/libapp.a(app_events.c.obj)
                              (--whole-archive)
app/libapp.a(led_thread.c.obj)
                              (--whole-archive)
app/libapp.a(logging_thread.c.obj)
                              (--whole-archive)
zephyr/libzephyr.a(validate_libc.c.obj)
                              (--whole-archive)
zephyr/libzephyr.a(heap.c.obj)
                              (--whole-archive)
zephyr/libzephyr.a(boot_banner.c.obj)
                              (--whole-archive)
zephyr/libzephyr.a(cbprintf_packaged.c.obj)
                              (--whole-archive)
zephyr/libzephyr.a(clock.c.obj)
                              (--whole-archive)
zephyr/libzephyr.a(printk.c.obj)
                              (--whole-archive)
zephyr/libzephyr.a(cbprintf_complete.c.obj)
                              (--whole-archive)
zephyr/libzephyr.a(assert.c.obj)
                              (--whole-archive)
zephyr/libzephyr.a(atomic_c.c.obj)
                              (--whole-archive)
zephyr/libzephyr.a(dec.c.obj)
                              (--whole-archive)
zephyr/libzephyr.a(hex.c.obj)
                              (--whole-archive)
zephyr/libzephyr.a(rb.c.obj)  (--whole-archive)
zephyr/libzephyr.a(set.c.obj)
                              (--whole-archive)
zephyr/libzephyr.a(timeutil.c.obj)
                              (--whole-archive)
zephyr/libzephyr.a(bitarray.c.obj)
                              (--whole-archive)
zephyr/libzephyr.a(bitmask.c.obj)
                              (--whole-archive)
zephyr/libzephyr.a(getopt.c.obj)
                              (--whole-archive)
zephyr/libzephyr.a(getopt_common.c.obj)
                              (--whole-archive)
zephyr/libzephyr.a(ring_buffer.c.obj)
                              (--whole-archive)
zephyr/libzephyr.a(last_section_id.c.obj)
                              (--whole-archive)
zephyr/libzephyr.a(configs.c.obj)
                              (--whole-archive)
zephyr/libzephyr.a(vectors.S.obj)
                              (--whole-archive)
zephyr/libzephyr.a(soc_irq.S.obj)
                              (--whole-archive)
zephyr/libzephyr.a(soc.c.obj)
                              (--whole-archive)
zephyr/libzephyr.a(loader.c.obj)
                              (--whole-archive)
zephyr/libzephyr.a(hw_init.c.obj)
                              (--whole-archive)
zephyr/libzephyr.a(tracing_none.c.obj)
                              (--whole-archive)
zephyr/libzephyr.a(esp_efuse_api.c.obj)
                              (--whole-archive)
zephyr/libzephyr.a(esp_efuse_fields.c.obj)
                              (--whole-archive)
zephyr/libzephyr.a(esp_efuse_utility.c.obj)
                              (--whole-archive)
zephyr/libzephyr.a(esp_efuse_table.c.obj)
                              (--whole-archive)
zephyr/libzephyr.a(esp_efuse_fields.c.obj)
                              (--whole-archive)
zephyr/libzephyr.a(esp_efuse_utility.c.obj)
                              (--whole-archive)
zephyr/libzephyr.a(esp_efuse_api_key.c.obj)
                              (--whole-archive)
zephyr/libzephyr.a(flash_encrypt.c.obj)
                              (--whole-archive)
zephyr/libzephyr.a(esp_gpio_reserve.c.obj)
                              (--whole-archive)
zephyr/libzephyr.a(cache_hal.c.obj)
                              (--whole-archive)
zephyr/libzephyr.a(mmu_hal.c.obj)
                              (--whole-archive)
zephyr/libzephyr.a(spi_flash_encrypt_hal_iram.c.obj)
                              (--whole-archive)
zephyr/libzephyr.a(spi_flash_hal.c.obj)
                              (--whole-archive)
zephyr/libzephyr.a(spi_flash_hal_iram.c.obj)
                              (--whole-archive)
zephyr/libzephyr.a(spi_flash_hal_gpspi.c.obj)
                              (--whole-archive)
zephyr/libzephyr.a(esp_flash_api.c.obj)
                              (--whole-archive)
zephyr/libzephyr.a(esp_flash_spi_init.c.obj)
                              (--whole-archive)
zephyr/libzephyr.a(flash_mmap.c.obj)
                              (--whole-archive)
zephyr/libzephyr.a(flash_ops.c.obj)
                              (--whole-archive)
zephyr/libzephyr.a(memspi_host_driver.c.obj)
                              (--whole-archive)
zephyr/libzephyr.a(spi_flash_chip_boya.c.obj)
                              (--whole-archive)
zephyr/libzephyr.a(spi_flash_chip_drivers.c.obj)
                              (--whole-archive)
zephyr/libzephyr.a(spi_flash_chip_gd.c.obj)
                              (--whole-archive)
zephyr/libzephyr.a(spi_flash_chip_generic.c.obj)
                              (--whole-archive)
zephyr/libzephyr.a(spi_flash_chip_issi.c.obj)
                              (--whole-archive)
zephyr/libzephyr.a(spi_flash_chip_mxic.c.obj)
[...]
Memory Configuration

Name             Origin             Length             Attributes
FLASH            0x00000000         0x003fff00         r
iram0_0_seg      0x40380000         0x0005c710         xr
dram0_0_seg      0x3fc80000         0x0005c710         rw
irom0_0_seg      0x42000000         0x00400000         xr
drom0_0_seg      0x3c000000         0x00400000         r
rtc_iram_seg     0x50000000         0x00002000         xrw
IDT_LIST         0x3ebfe010         0x00002000         rw
*default*        0x00000000         0xffffffff

Linker script and memory map

                0x42000198                        vfprintf = __l_vfprintf
                0x00000000                        vfscanf = __l_vfscanf
LOAD zephyr/CMakeFiles/zephyr_pre0.dir/misc/empty_file.c.obj
LOAD zephyr/CMakeFiles/offsets.dir/./arch/riscv/core/offsets/offsets.c.obj
LOAD app/libapp.a
LOAD zephyr/libzephyr.a
LOAD zephyr/arch/common/libarch__common.a
LOAD zephyr/arch/arch/riscv/core/libarch__riscv__core.a
LOAD zephyr/lib/libc/picolibc/liblib__libc__picolibc.a
LOAD zephyr/lib/libc/common/liblib__libc__common.a
LOAD zephyr/subsys/portability/posix/c_lib_ext/libsubsys__portability__posix__c_lib_ext.a
LOAD zephyr/drivers/interrupt_controller/libdrivers__interrupt_controller.a
LOAD zephyr/drivers/clock_control/libdrivers__clock_control.a
LOAD zephyr/drivers/console/libdrivers__console.a
LOAD zephyr/drivers/gpio/libdrivers__gpio.a
LOAD zephyr/drivers/pinctrl/libdrivers__pinctrl.a
LOAD zephyr/drivers/serial/libdrivers__serial.a
LOAD zephyr/drivers/timer/libdrivers__timer.a
LOAD zephyr/kernel/libkernel.a
LOAD zephyr/arch/common/libisr_tables.a
LOAD /home/thaiza.pinheiro/zephyr-sdk-1.0.1/gnu/riscv64-zephyr-elf/bin/../lib/gcc/riscv64-zephyr-elf/14.3.0/rv32im_zicsr_zifencei/ilp32/space/libgcc.a
LOAD /home/thaiza.pinheiro/zephyr-sdk-1.0.1/gnu/riscv64-zephyr-elf/bin/../lib/gcc/riscv64-zephyr-elf/14.3.0/../../../../riscv64-zephyr-elf/lib/rv32im_zicsr_zifencei/ilp32/space/libc.a
LOAD /home/thaiza.pinheiro/zephyr-sdk-1.0.1/gnu/riscv64-zephyr-elf/bin/../lib/gcc/riscv64-zephyr-elf/14.3.0/rv32im_zicsr_zifencei/ilp32/space/libgcc.a
                0x403dc710                        user_iram_end = 0x403dc710
                0x40380000                        user_iram_seg_org = 0x40380000
                0x3fc80000                        user_dram_seg_org = 0x3fc80000
                0x3fcdc710                        user_dram_end = (user_iram_end - 0x700000)
                0x0005c710                        user_idram_size = (user_dram_end - user_dram_seg_org)
                0x0005c710                        user_iram_seg_len = user_idram_size
                0x0005c710                        user_dram_seg_len = user_idram_size
                0x50000000                        rtc_iram_org = 0x50000000
                0x00002000                        rtc_iram_len = 0x2000
                0x00000000                        _rom_store_table = 0x0
                0x00700000                        _iram_dram_offset = 0x700000
                0x3fcdc710                        _heap_sentry = 0x3fcdc710
                0x00050770                        _libc_heap_size = (_heap_sentry - _end)

.rel.plt        0x00000000        0x0
 *(SORT_BY_ALIGNMENT(.rel.plt))
                [!provide]                        PROVIDE (__rel_iplt_start = .)
 *(SORT_BY_ALIGNMENT(.rel.iplt))
                [!provide]                        PROVIDE (__rel_iplt_end = .)

.rela.plt       0x00000000        0x0
 *(SORT_BY_ALIGNMENT(.rela.plt))
                [!provide]                        PROVIDE (__rela_iplt_start = .)
 *(SORT_BY_ALIGNMENT(.rela.iplt))
                [!provide]                        PROVIDE (__rela_iplt_end = .)

.rel.dyn
 *(SORT_BY_ALIGNMENT(.rel.*))

.rela.dyn       0x00000000        0x0
 *(SORT_BY_ALIGNMENT(.rela.*))
 .rela.text.__start
                0x00000000        0x0 app/libapp.a(main.c.obj)
 .rela.data.map
                0x00000000        0x0 app/libapp.a(main.c.obj)
 .rela.srodata.libc_heap_size
                0x00000000        0x0 app/libapp.a(main.c.obj)
 .rela.text.spi_flash_hal_init
                0x00000000        0x0 app/libapp.a(main.c.obj)
 .rela.text.spi_flash_hal_supports_direct_write
                0x00000000        0x0 app/libapp.a(main.c.obj)
 .rela.text.spi_flash_hal_supports_direct_read
                0x00000000        0x0 app/libapp.a(main.c.obj)
 .rela.text.spi_flash_hal_setup_read_suspend
                0x00000000        0x0 app/libapp.a(main.c.obj)
 .rela.text.spi_flash_hal_setup_auto_suspend_mode
                0x00000000        0x0 app/libapp.a(main.c.obj)
 .rela.text.spi_flash_hal_disable_auto_suspend_mode
                0x00000000        0x0 app/libapp.a(main.c.obj)
 .rela.text.spi_flash_hal_device_config
                0x00000000        0x0 app/libapp.a(main.c.obj)
 .rela.text.esp_flash_init_main
                0x00000000        0x0 app/libapp.a(main.c.obj)
 .rela.text.esp_flash_init_default_chip
                0x00000000        0x0 app/libapp.a(main.c.obj)
 .rela.iram1.1  0x00000000        0x0 app/libapp.a(main.c.obj)
 .rela.text.memspi_host_flush_cache
                0x00000000        0x0 app/libapp.a(main.c.obj)
 .rela.text.esp_console_init
                0x00000000        0x0 app/libapp.a(main.c.obj)
 .rela.text.config_wdt
                0x00000000        0x0 app/libapp.a(main.c.obj)
 .rela.text.systimer_hal_init
                0x00000000        0x0 app/libapp.a(main.c.obj)
 .rela.text.non_shared_periph_module_enable
                0x00000000        0x0 app/libapp.a(main.c.obj)
 .rela.text.non_shared_periph_module_disable
                0x00000000        0x0 app/libapp.a(main.c.obj)
 .rela.text.get_rtc_dbias_by_efuse
                0x00000000        0x0 app/libapp.a(main.c.obj)
 .rela.text.rtc_init
                0x00000000        0x0 app/libapp.a(main.c.obj)
 .rela.text.rtc_clk_cal_internal
                0x00000000        0x0 app/libapp.a(main.c.obj)
 .rela.text.sar_periph_ctrl_init
                0x00000000        0x0 app/libapp.a(main.c.obj)
 .rela.text.esp_mmu_map_init
                0x00000000        0x0 app/libapp.a(main.c.obj)
 .rela.text.esp_rom_install_uart_printf
                0x00000000        0x0 app/libapp.a(main.c.obj)
 .rela.text.esp_timer_impl_early_init
                0x00000000        0x0 app/libapp.a(main.c.obj)
 .rela.iram1.0  0x00000000        0x0 app/libapp.a(main.c.obj)
 .rela.iram1.6  0x00000000        0x0 app/libapp.a(main.c.obj)
 .rela.text.flash_update_id
                0x00000000        0x0 app/libapp.a(main.c.obj)
 .rela.text.init_spi_flash
                0x00000000        0x0 app/libapp.a(main.c.obj)
 .rela.text.brownout_ll_ana_reset_enable
                0x00000000        0x0 app/libapp.a(main.c.obj)
 .rela.text.soc_random_enable
                0x00000000        0x0 app/libapp.a(main.c.obj)
 .rela.text.soc_random_disable
                0x00000000        0x0 app/libapp.a(main.c.obj)
 .rela.text.arch_bss_zero
                0x00000000        0x0 app/libapp.a(main.c.obj)
 .rela.text.z_tls_copy
                0x00000000        0x0 app/libapp.a(main.c.obj)
 .rela.text.arch_tls_stack_setup
                0x00000000        0x0 app/libapp.a(main.c.obj)
 .rela.text.walk_stackframe
                0x00000000        0x0 app/libapp.a(main.c.obj)
 .rela.text.malloc_prepare
                0x00000000        0x0 app/libapp.a(main.c.obj)
 .rela.text.esp32_select_rtc_slow_clk
                0x00000000        0x0 app/libapp.a(main.c.obj)
 .rela.text.esp32_cpu_clock_configure
                0x00000000        0x0 app/libapp.a(main.c.obj)
 .rela.text.clock_control_esp32_init
                0x00000000        0x0 app/libapp.a(main.c.obj)
 .rela.text.gpio_esp32_pin_interrupt_configure
                0x00000000        0x0 app/libapp.a(main.c.obj)
 .rela.text.pinctrl_configure_pins
                0x00000000        0x0 app/libapp.a(main.c.obj)
 .rela.text.serial_esp32_usb_init
                0x00000000        0x0 app/libapp.a(main.c.obj)
 .rela.text.serial_esp32_usb_poll_in
                0x00000000        0x0 app/libapp.a(main.c.obj)
 .rela.text.serial_esp32_usb_poll_out
                0x00000000        0x0 app/libapp.a(main.c.obj)
 .rela.text.bg_thread_main
                0x00000000        0x0 app/libapp.a(main.c.obj)
 .rela.rodata.levels.0
                0x00000000        0x0 app/libapp.a(main.c.obj)
 .rela.text.init_mem_slab_obj_core_list
                0x00000000        0x0 app/libapp.a(main.c.obj)
 .rela.text.statics_init
                0x00000000        0x0 app/libapp.a(main.c.obj)

.rtc.text       0x50000000        0x0 load address 0x00000000
                0x50000000                        . = ALIGN (0x4)
 *(SORT_BY_ALIGNMENT(.rtc.literal) SORT_BY_ALIGNMENT(.rtc.literal.*))
 *(SORT_BY_ALIGNMENT(.rtc.text) SORT_BY_ALIGNMENT(.rtc.text.*))
                0x50000000                        . = ALIGN (0x4)

.rtc.force_fast
                0x50000000        0x0 load address 0x00000000
                0x50000000                        . = ALIGN (0x4)
 *(SORT_BY_ALIGNMENT(.rtc.force_fast) SORT_BY_ALIGNMENT(.rtc.force_fast.*))
                0x50000000                        . = ALIGN (0x4)

.rtc.data       0x50000000        0x0 load address 0x00000000
                0x50000000                        . = ALIGN (0x4)
                0x50000000                        _rtc_data_start = ABSOLUTE (.)
 *(SORT_BY_ALIGNMENT(.rtc.data) SORT_BY_ALIGNMENT(.rtc.data.*))
 *(SORT_BY_ALIGNMENT(.rtc.rodata) SORT_BY_ALIGNMENT(.rtc.rodata.*))
                0x50000000                        . = ALIGN (0x4)

.rtc.bss        0x50000000        0x0 load address 0x00000000
                0x50000000                        _rtc_bss_start = ABSOLUTE (.)
 *(SORT_BY_ALIGNMENT(.rtc.bss) SORT_BY_ALIGNMENT(.rtc.bss.*))
                0x50000000                        _rtc_bss_end = ABSOLUTE (.)

.rtc_noinit     0x50000000        0x0 load address 0x00000000
                0x50000000                        . = ALIGN (0x4)
 *(SORT_BY_ALIGNMENT(.rtc_noinit) SORT_BY_ALIGNMENT(.rtc_noinit.*))
                0x50000000                        . = ALIGN (0x4)

.rtc.force_slow
                0x50000000       0x24 load address 0x00000000
                0x50000000                        . = ALIGN (0x4)
 *(SORT_BY_ALIGNMENT(.rtc.force_slow) SORT_BY_ALIGNMENT(.rtc.force_slow.*))
 .rtc.force_slow.0
                0x50000000       0x24 zephyr/libzephyr.a(sleep_modes.c.obj)
                0x50000024                        . = ALIGN (0x4)
                0x50000024                        _rtc_force_slow_end = ABSOLUTE (.)
                0x00000024                        _rtc_slow_length = (_rtc_force_slow_end - _rtc_data_start)

.iram0.text     0x40380000     0x7b24 load address 0x00000024
                0x40380000                        _iram_start = ABSOLUTE (.)
                0x40380000                        _init_start = ABSOLUTE (.)
 *(SORT_BY_ALIGNMENT(.exception_vectors.text))
 .exception_vectors.text
                0x40380000       0x80 zephyr/libzephyr.a(vectors.S.obj)
                0x40380000                _vector_table
                0x40380100                        . = ALIGN (0x100)
 *fill*         0x40380080       0x80 
                0x40380100                        _invalid_pc_placeholder = ABSOLUTE (.)
 *(SORT_BY_ALIGNMENT(.exception.entry*))
 .exception.entry._isr_wrapper
                0x40380100      0x15c zephyr/arch/arch/riscv/core/libarch__riscv__core.a(isr.S.obj)
                0x40380100                _isr_wrapper
                0x4038021e                z_riscv_thread_start
 *(SORT_BY_ALIGNMENT(.exception.other*))
 .exception.other.__soc_handle_irq
                0x4038025c        0x2 zephyr/libzephyr.a(soc_irq.S.obj)
                0x4038025c                __soc_handle_irq
                0x40380260                        . = ALIGN (0x4)
 *fill*         0x4038025e        0x2 
 *(SORT_BY_ALIGNMENT(.entry.text))
 *(SORT_BY_ALIGNMENT(.init.literal))
 *(.init)
                0x40380260                        . = ALIGN (0x4)
                0x40380260                        _init_end = ABSOLUTE (.)
                0x40380260                        _iram_text_start = ABSOLUTE (.)
 *(SORT_BY_ALIGNMENT(.iram1) SORT_BY_ALIGNMENT(.iram1.*))
 .iram1.0       0x40380260       0x1c zephyr/libzephyr.a(soc.c.obj)
                0x40380260                __esp_platform_app_start
 .iram1.2       0x4038027c       0x2e zephyr/libzephyr.a(soc.c.obj)
                0x4038027c                arch_printk_char_out
 .iram1.3       0x403802aa       0x92 zephyr/libzephyr.a(esp_flash_api.c.obj)
 .iram1.1       0x4038033c       0x90 zephyr/libzephyr.a(flash_mmap.c.obj)
                0x4038033c                spi_flash_check_and_flush_cache
 .iram1.4       0x403803cc        0x2 zephyr/libzephyr.a(flash_ops.c.obj)
                0x403803cc                esp_mspi_pin_init
 .iram1.5       0x403803ce        0x4 zephyr/libzephyr.a(flash_ops.c.obj)
                0x403803ce                spi_flash_init_chip_state
 .iram1.7       0x403803d2        0x4 zephyr/libzephyr.a(flash_ops.c.obj)
                0x403803d2                esp_mspi_32bit_address_flash_feature_check
 .iram1.1       0x403803d6       0x14 zephyr/libzephyr.a(spi_flash_os_func_noos.c.obj)
 .iram1.0       0x403803ea       0x14 zephyr/libzephyr.a(spi_flash_os_func_noos.c.obj)
 .iram1.0       0x403803fe       0x42 zephyr/libzephyr.a(bootloader_flash_config_esp32c3.c.obj)
                0x403803fe                bootloader_flash_cs_timing_config
 .iram1.2       0x40380440       0x2c zephyr/libzephyr.a(esp_clk.c.obj)
                0x40380440                esp_clk_apb_freq
 .iram1.3       0x4038046c       0x1a zephyr/libzephyr.a(periph_ctrl.c.obj)
                0x4038046c                periph_rcc_enter
 .iram1.4       0x40380486       0x28 zephyr/libzephyr.a(periph_ctrl.c.obj)
                0x40380486                periph_rcc_exit
 .iram1.2       0x403804ae       0x48 zephyr/libzephyr.a(rtc_clk.c.obj)
                0x403804ae                rtc_get_xtal
                0x403804ae                rtc_clk_xtal_freq_get
 .iram1.3       0x403804f6       0x16 zephyr/libzephyr.a(rtc_clk.c.obj)
                0x403804f6                rtc_clk_apb_freq_update
 .iram1.1       0x4038050c       0x52 zephyr/libzephyr.a(rtc_clk.c.obj)
 .iram1.0       0x4038055e        0xe zephyr/libzephyr.a(rtc_clk.c.obj)
                0x4038055e                rtc_clk_cpu_set_to_default_config
 .iram1.1       0x4038056c       0x6e zephyr/libzephyr.a(esp_mmu_map.c.obj)
                0x4038056c                esp_mmu_paddr_find_caps
 .iram1.0       0x403805da       0x3c zephyr/libzephyr.a(esp_rom_serial_output.c.obj)
                0x403805da                esp_rom_output_set_as_console
 .iram1.0       0x40380616       0x10 zephyr/libzephyr.a(efuse_hal.c.obj)
                0x40380616                efuse_hal_get_major_chip_version
 .iram1.1       0x40380626       0x18 zephyr/libzephyr.a(efuse_hal.c.obj)
                0x40380626                efuse_hal_get_minor_chip_version
 .iram1.0       0x4038063e       0x1e zephyr/libzephyr.a(efuse_hal.c.obj)
                0x4038063e                efuse_hal_chip_revision
 .iram1.5       0x4038065c       0x50 zephyr/libzephyr.a(bootloader_flash.c.obj)
 .iram1.1       0x403806ac      0x1c6 zephyr/libzephyr.a(bootloader_flash.c.obj)
                0x403806ac                bootloader_flash_execute_command_common
 .iram1.2       0x40380872        0xe zephyr/libzephyr.a(bootloader_flash.c.obj)
                0x40380872                bootloader_execute_flash_command
 .iram1.0       0x40380880      0x152 zephyr/libzephyr.a(bootloader_flash.c.obj)
                0x40380880                bootloader_flash_unlock_default
                0x40380880                bootloader_flash_unlock
 .iram1.3       0x403809d2       0x18 zephyr/libzephyr.a(bootloader_flash.c.obj)
                0x403809d2                bootloader_flash_read_sfdp
 .iram1.4       0x403809ea       0x34 zephyr/libzephyr.a(bootloader_flash.c.obj)
                0x403809ea                bootloader_read_flash_id
 .iram1.6       0x40380a1e       0xc2 zephyr/libzephyr.a(bootloader_flash.c.obj)
                0x40380a1e                bootloader_flash_xmc_startup
 .iram1.0       0x40380ae0       0x3c zephyr/drivers/interrupt_controller/libdrivers__interrupt_controller.a(intc_esp32.c.obj)
 .iram1.4       0x40380b1c       0x9e zephyr/drivers/interrupt_controller/libdrivers__interrupt_controller.a(intc_esp32.c.obj)
                0x40380b1c                esp_intr_disable
 .iram1.7       0x40380bba       0x6e zephyr/drivers/gpio/libdrivers__gpio.a(gpio_esp32.c.obj)
 .iram1.0       0x40380c28      0x278 zephyr/drivers/gpio/libdrivers__gpio.a(gpio_esp32.c.obj)
 .iram1.0       0x40380ea0       0x90 zephyr/drivers/timer/libdrivers__timer.a(esp32_sys_timer.c.obj)
 *(SORT_BY_ALIGNMENT(.iram0.literal) SORT_BY_ALIGNMENT(.iram.literal) SORT_BY_ALIGNMENT(.iram.text.literal) SORT_BY_ALIGNMENT(.iram0.text) SORT_BY_ALIGNMENT(.iram.text))
 *libzephyr.a:panic.*(SORT_BY_ALIGNMENT(.literal) SORT_BY_ALIGNMENT(.text) SORT_BY_ALIGNMENT(.literal.*) SORT_BY_ALIGNMENT(.text.*))
 *libzephyr.a:loader.*(SORT_BY_ALIGNMENT(.literal) SORT_BY_ALIGNMENT(.text) SORT_BY_ALIGNMENT(.literal.*) SORT_BY_ALIGNMENT(.text.*))
 .text.map_rom_segments
                0x40380f30      0x2b2 zephyr/libzephyr.a(loader.c.obj)
                0x40380f30                map_rom_segments
 .text.__start  0x403811e2       0x80 zephyr/libzephyr.a(loader.c.obj)
                0x403811e2                __start
 *libzephyr.a:flash_init.*(SORT_BY_ALIGNMENT(.literal) SORT_BY_ALIGNMENT(.text) SORT_BY_ALIGNMENT(.literal.*) SORT_BY_ALIGNMENT(.text.*))
 .text.esp_flash_config
                0x40381262       0x3c zephyr/libzephyr.a(flash_init.c.obj)
                0x40381262                esp_flash_config
 *libzephyr.a:soc_flash_init.*(SORT_BY_ALIGNMENT(.literal) SORT_BY_ALIGNMENT(.text) SORT_BY_ALIGNMENT(.literal.*) SORT_BY_ALIGNMENT(.text.*))
 .text.flash_update_id
                0x4038129e       0x1c zephyr/libzephyr.a(soc_flash_init.c.obj)
                0x4038129e                flash_update_id
 .text.flash_cs_timing_config
                0x403812ba       0x42 zephyr/libzephyr.a(soc_flash_init.c.obj)
                0x403812ba                flash_cs_timing_config
 .text.flash_set_dummy_out
                0x403812fc       0x1c zephyr/libzephyr.a(soc_flash_init.c.obj)
                0x403812fc                flash_set_dummy_out
 .text.configure_spi_pins
                0x40381318       0xcc zephyr/libzephyr.a(soc_flash_init.c.obj)
                0x40381318                configure_spi_pins
 .text.flash_dummy_config
                0x403813e4        0xe zephyr/libzephyr.a(soc_flash_init.c.obj)
                0x403813e4                flash_dummy_config
 .text.init_spi_flash
                0x403813f2      0x16a zephyr/libzephyr.a(soc_flash_init.c.obj)
                0x403813f2                init_spi_flash
 *libzephyr.a:console_init.*(SORT_BY_ALIGNMENT(.literal) SORT_BY_ALIGNMENT(.text) SORT_BY_ALIGNMENT(.literal.*) SORT_BY_ALIGNMENT(.text.*))
 .text.esp_console_init
                0x4038155c       0xb8 zephyr/libzephyr.a(console_init.c.obj)
                0x4038155c                esp_console_init
 *libzephyr.a:soc_init.*(SORT_BY_ALIGNMENT(.literal) SORT_BY_ALIGNMENT(.text) SORT_BY_ALIGNMENT(.literal.*) SORT_BY_ALIGNMENT(.text.*))
 .text.print_banner
                0x40381614       0x2c zephyr/libzephyr.a(soc_init.c.obj)
                0x40381614                print_banner
 .text.read_bootloader_header
                0x40381640       0x30 zephyr/libzephyr.a(soc_init.c.obj)
                0x40381640                read_bootloader_header
 .text.config_wdt
                0x40381670       0x52 zephyr/libzephyr.a(soc_init.c.obj)
                0x40381670                config_wdt
 .text.check_bootloader_validity
                0x403816c2       0x94 zephyr/libzephyr.a(soc_init.c.obj)
                0x403816c2                check_bootloader_validity
 .text.brownout_ll_ana_reset_enable
                0x40381756       0x2a zephyr/libzephyr.a(soc_init.c.obj)
 .text.soc_hw_init
                0x40381780       0x4e zephyr/libzephyr.a(soc_init.c.obj)
                0x40381780                soc_hw_init
 .text.ana_super_wdt_reset_config
                0x403817ce       0x2c zephyr/libzephyr.a(soc_init.c.obj)
                0x403817ce                ana_super_wdt_reset_config
 .text.ana_clock_glitch_reset_config
                0x403817fa       0x2e zephyr/libzephyr.a(soc_init.c.obj)
                0x403817fa                ana_clock_glitch_reset_config
 .text.ana_reset_config
                0x40381828       0x2c zephyr/libzephyr.a(soc_init.c.obj)
                0x40381828                ana_reset_config
 .text.super_wdt_auto_feed
                0x40381854       0x2a zephyr/libzephyr.a(soc_init.c.obj)
                0x40381854                super_wdt_auto_feed
 .text.wdt_reset_cpu0_info_enable
                0x4038187e       0x20 zephyr/libzephyr.a(soc_init.c.obj)
                0x4038187e                wdt_reset_cpu0_info_enable
 .text.check_wdt_reset
                0x4038189e       0x38 zephyr/libzephyr.a(soc_init.c.obj)
                0x4038189e                check_wdt_reset
 .text.bootloader_clock_configure
                0x403818d6       0xac zephyr/libzephyr.a(soc_init.c.obj)
                0x403818d6                bootloader_clock_configure
 *libzephyr.a:hw_init.*(SORT_BY_ALIGNMENT(.literal) SORT_BY_ALIGNMENT(.text) SORT_BY_ALIGNMENT(.literal.*) SORT_BY_ALIGNMENT(.text.*))
 .text.hardware_init
                0x40381982       0x72 zephyr/libzephyr.a(hw_init.c.obj)
                0x40381982                hardware_init
 *libzephyr.a:soc_random.*(SORT_BY_ALIGNMENT(.literal) SORT_BY_ALIGNMENT(.text) SORT_BY_ALIGNMENT(.literal.*) SORT_BY_ALIGNMENT(.text.*))
 .text.soc_random_enable
                0x403819f4      0x1e0 zephyr/libzephyr.a(soc_random.c.obj)
                0x403819f4                soc_random_enable
 .text.soc_random_disable
                0x40381bd4       0x8e zephyr/libzephyr.a(soc_random.c.obj)
                0x40381bd4                soc_random_disable
 *libarch__riscv__core.a:(SORT_BY_ALIGNMENT(.literal) SORT_BY_ALIGNMENT(.text) SORT_BY_ALIGNMENT(.literal.*) SORT_BY_ALIGNMENT(.text.*))
 *fill*         0x40381c62        0x2 
 .text.z_riscv_switch
                0x40381c64       0x72 zephyr/arch/arch/riscv/core/libarch__riscv__core.a(switch.S.obj)
                0x40381c64                z_riscv_switch
 .text.arch_cpu_idle
                0x40381cd6        0xc zephyr/arch/arch/riscv/core/libarch__riscv__core.a(cpu_idle.c.obj)
                0x40381cd6                arch_cpu_idle
 .text.z_riscv_get_sp_before_exc
                0x40381ce2        0x6 zephyr/arch/arch/riscv/core/libarch__riscv__core.a(fatal.c.obj)
                0x40381ce2                z_riscv_get_sp_before_exc
 .text.z_riscv_fatal_error
                0x40381ce8      0x1a6 zephyr/arch/arch/riscv/core/libarch__riscv__core.a(fatal.c.obj)
                0x40381ce8                z_riscv_fatal_error
 .text.z_riscv_fault
                0x40381e8e        0xa zephyr/arch/arch/riscv/core/libarch__riscv__core.a(fatal.c.obj)
                0x40381e8e                z_riscv_fault
 .text.z_irq_spurious
                0x40381e98        0xe zephyr/arch/arch/riscv/core/libarch__riscv__core.a(irq_manage.c.obj)
                0x40381e98                z_irq_spurious
 .text.arch_irq_connect_dynamic
                0x40381ea6       0x18 zephyr/arch/arch/riscv/core/libarch__riscv__core.a(irq_manage.c.obj)
                0x40381ea6                arch_irq_connect_dynamic
 .text.arch_new_thread
                0x40381ebe       0x34 zephyr/arch/arch/riscv/core/libarch__riscv__core.a(thread.c.obj)
                0x40381ebe                arch_new_thread
 .text.arch_coprocessors_disable
                0x40381ef2        0x6 zephyr/arch/arch/riscv/core/libarch__riscv__core.a(thread.c.obj)
                0x40381ef2                arch_coprocessors_disable
 .text.z_tls_copy
                0x40381ef8       0x3c zephyr/arch/arch/riscv/core/libarch__riscv__core.a(tls.c.obj)
 .text.arch_tls_stack_setup
                0x40381f34       0x30 zephyr/arch/arch/riscv/core/libarch__riscv__core.a(tls.c.obj)
                0x40381f34                arch_tls_stack_setup
 .text.in_stack_bound
                0x40381f64       0x3c zephyr/arch/arch/riscv/core/libarch__riscv__core.a(stacktrace.c.obj)
 .text.walk_stackframe
                0x40381fa0       0xc0 zephyr/arch/arch/riscv/core/libarch__riscv__core.a(stacktrace.c.obj)
 .text.print_trace_address
                0x40382060       0x22 zephyr/arch/arch/riscv/core/libarch__riscv__core.a(stacktrace.c.obj)
 .text.in_fatal_stack_bound
                0x40382082       0x36 zephyr/arch/arch/riscv/core/libarch__riscv__core.a(stacktrace.c.obj)
 .text.z_riscv_unwind_stack
                0x403820b8       0x4a zephyr/arch/arch/riscv/core/libarch__riscv__core.a(stacktrace.c.obj)
                0x403820b8                z_riscv_unwind_stack
 *libarch__common.a:(SORT_BY_ALIGNMENT(.literal) SORT_BY_ALIGNMENT(.text) SORT_BY_ALIGNMENT(.literal.*) SORT_BY_ALIGNMENT(.text.*))
 .text.z_get_sw_isr_table_idx
                0x40382102        0x2 zephyr/arch/common/libarch__common.a(sw_isr_common.c.obj)
                0x40382102                z_get_sw_isr_table_idx
 .text.z_isr_install
                0x40382104       0x28 zephyr/arch/common/libarch__common.a(dynamic_isr.c.obj)
                0x40382104                z_isr_install
 .text.arch_early_memset
                0x4038212c        0x8 zephyr/arch/common/libarch__common.a(init.c.obj)
                0x4038212c                arch_early_memset
 .text.arch_bss_zero
                0x40382134       0x1c zephyr/arch/common/libarch__common.a(init.c.obj)
                0x40382134                arch_bss_zero
 *libkernel.a:(SORT_BY_ALIGNMENT(.literal) SORT_BY_ALIGNMENT(.text) SORT_BY_ALIGNMENT(.literal.*) SORT_BY_ALIGNMENT(.text.*))
 .text.do_device_init
                0x40382150       0x46 zephyr/kernel/libkernel.a(device.c.obj)
                0x40382150                do_device_init
 .text.z_impl_device_is_ready
                0x40382196       0x1c zephyr/kernel/libkernel.a(device.c.obj)
                0x40382196                z_impl_device_is_ready
 .text.arch_system_halt
                0x403821b2        0x6 zephyr/kernel/libkernel.a(fatal.c.obj)
                0x403821b2                arch_system_halt
 .text.k_sys_fatal_error_handler
                0x403821b8        0x6 zephyr/kernel/libkernel.a(fatal.c.obj)
                0x403821b8                k_sys_fatal_error_handler
 .text.z_fatal_error
                0x403821be       0x2c zephyr/kernel/libkernel.a(fatal.c.obj)
                0x403821be                z_fatal_error
 .text.z_sys_init_run_level
                0x403821ea       0x42 zephyr/kernel/libkernel.a(init.c.obj)
 .text.bg_thread_main
                0x4038222c       0xc2 zephyr/kernel/libkernel.a(init.c.obj)
 .text.z_init_cpu
                0x403822ee       0x86 zephyr/kernel/libkernel.a(init.c.obj)
                0x403822ee                z_init_cpu
 .text.z_cstart
                0x40382374       0xac zephyr/kernel/libkernel.a(init.c.obj)
                0x40382374                z_cstart
 .text.create_free_list
                0x40382420       0x48 zephyr/kernel/libkernel.a(mem_slab.c.obj)
 .text.init_mem_slab_obj_core_list
                0x40382468       0x36 zephyr/kernel/libkernel.a(mem_slab.c.obj)
 .text.k_mem_slab_alloc
                0x4038249e       0x58 zephyr/kernel/libkernel.a(mem_slab.c.obj)
                0x4038249e                k_mem_slab_alloc
 .text.k_mem_slab_free
                0x403824f6       0x88 zephyr/kernel/libkernel.a(mem_slab.c.obj)
                0x403824f6                k_mem_slab_free
 .text.idle     0x4038257e        0xe zephyr/kernel/libkernel.a(idle.c.obj)
                0x4038257e                idle
 .text.z_impl_k_mutex_init
                0x4038258c       0x10 zephyr/kernel/libkernel.a(mutex.c.obj)
                0x4038258c                z_impl_k_mutex_init
 .text.unpend_thread_no_timeout
                0x4038259c       0x20 zephyr/kernel/libkernel.a(queue.c.obj)
 .text.queue_insert
                0x403825bc       0xcc zephyr/kernel/libkernel.a(queue.c.obj)
 .text.z_impl_k_queue_init
                0x40382688       0x12 zephyr/kernel/libkernel.a(queue.c.obj)
                0x40382688                z_impl_k_queue_init
 .text.k_queue_append
                0x4038269a        0xe zephyr/kernel/libkernel.a(queue.c.obj)
                0x4038269a                k_queue_append
 .text.z_impl_k_queue_get
                0x403826a8       0x6c zephyr/kernel/libkernel.a(queue.c.obj)
                0x403826a8                z_impl_k_queue_get
 .text.z_impl_k_sem_give
                0x40382714       0x76 zephyr/kernel/libkernel.a(sem.c.obj)
                0x40382714                z_impl_k_sem_give
 .text.z_impl_k_sem_take
                0x4038278a       0x38 zephyr/kernel/libkernel.a(sem.c.obj)
                0x4038278a                z_impl_k_sem_take
 .text.k_is_in_isr
                0x403827c2        0xe zephyr/kernel/libkernel.a(thread.c.obj)
                0x403827c2                k_is_in_isr
 .text.z_setup_new_thread
                0x403827d0       0xaa zephyr/kernel/libkernel.a(thread.c.obj)
                0x403827d0                z_setup_new_thread
 .text.z_dummy_thread_init
                0x4038287a       0x32 zephyr/kernel/libkernel.a(thread.c.obj)
                0x4038287a                z_dummy_thread_init
 .text.z_impl_k_wakeup
                0x403828ac       0x46 zephyr/kernel/libkernel.a(thread.c.obj)
                0x403828ac                z_impl_k_wakeup
 .text.z_impl_k_thread_create
                0x403828f2       0x50 zephyr/kernel/libkernel.a(thread.c.obj)
                0x403828f2                z_impl_k_thread_create
 .text.z_thread_abort
                0x40382942       0x36 zephyr/kernel/libkernel.a(thread.c.obj)
                0x40382942                z_thread_abort
 .text.z_impl_k_thread_abort
                0x40382978        0x2 zephyr/kernel/libkernel.a(thread.c.obj)
                0x40382978                z_impl_k_thread_abort
 .text.z_impl_k_yield
                0x4038297a        0x2 zephyr/kernel/libkernel.a(thread.c.obj)
                0x4038297a                z_impl_k_yield
 .text.sys_dlist_remove
                0x4038297c       0x12 zephyr/kernel/libkernel.a(sched.c.obj)
 .text.unpend_thread_no_timeout
                0x4038298e       0x20 zephyr/kernel/libkernel.a(sched.c.obj)
 .text.unready_thread
                0x403829ae       0x76 zephyr/kernel/libkernel.a(sched.c.obj)
 .text.ready_thread
                0x40382a24       0xa4 zephyr/kernel/libkernel.a(sched.c.obj)
 .text.z_swap.isra.0
                0x40382ac8       0x54 zephyr/kernel/libkernel.a(sched.c.obj)
 .text.reschedule.isra.0
                0x40382b1c       0x22 zephyr/kernel/libkernel.a(sched.c.obj)
 .text.add_to_waitq_locked
                0x40382b3e       0x5a zephyr/kernel/libkernel.a(sched.c.obj)
 .text.move_current_to_end_of_prio_q
                0x40382b98       0x8c zephyr/kernel/libkernel.a(sched.c.obj)
                0x40382b98                move_current_to_end_of_prio_q
 .text.z_ready_thread
                0x40382c24       0x1c zephyr/kernel/libkernel.a(sched.c.obj)
                0x40382c24                z_ready_thread
 .text.z_sched_ready_locked
                0x40382c40        0x4 zephyr/kernel/libkernel.a(sched.c.obj)
                0x40382c40                z_sched_ready_locked
 .text.z_sched_unready_locked
                0x40382c44        0x4 zephyr/kernel/libkernel.a(sched.c.obj)
                0x40382c44                z_sched_unready_locked
 .text.z_thread_halt
                0x40382c48      0x174 zephyr/kernel/libkernel.a(sched.c.obj)
                0x40382c48                z_thread_halt
 .text.z_sched_lock_reschedule
                0x40382dbc       0x5c zephyr/kernel/libkernel.a(sched.c.obj)
                0x40382dbc                z_sched_lock_reschedule
 .text.z_sched_yield
                0x40382e18       0x98 zephyr/kernel/libkernel.a(sched.c.obj)
                0x40382e18                z_sched_yield
 .text.z_sched_wake_thread_locked
                0x40382eb0       0x32 zephyr/kernel/libkernel.a(sched.c.obj)
                0x40382eb0                z_sched_wake_thread_locked
 .text.z_thread_timeout
                0x40382ee2       0x28 zephyr/kernel/libkernel.a(sched.c.obj)
                0x40382ee2                z_thread_timeout
 .text.z_pend_curr
                0x40382f0a       0x60 zephyr/kernel/libkernel.a(sched.c.obj)
                0x40382f0a                z_pend_curr
 .text.z_reschedule
                0x40382f6a        0x6 zephyr/kernel/libkernel.a(sched.c.obj)
                0x40382f6a                z_reschedule
 .text.z_get_next_switch_handle
                0x40382f70       0x18 zephyr/kernel/libkernel.a(sched.c.obj)
                0x40382f70                z_get_next_switch_handle
 .text.z_tick_sleep
                0x40382f88       0x98 zephyr/kernel/libkernel.a(sleep.c.obj)
 .text.z_impl_k_sleep
                0x40383020       0x24 zephyr/kernel/libkernel.a(sleep.c.obj)
                0x40383020                z_impl_k_sleep
 .text.z_sched_init
                0x40383044       0x16 zephyr/kernel/libkernel.a(scheduler.c.obj)
                0x40383044                z_sched_init
 .text.k_sched_lock
                0x4038305a       0x20 zephyr/kernel/libkernel.a(scheduler.c.obj)
                0x4038305a                k_sched_lock
 .text.k_sched_unlock
                0x4038307a       0x1c zephyr/kernel/libkernel.a(scheduler.c.obj)
                0x4038307a                k_sched_unlock
 .text.z_impl_k_sched_current_thread_query
                0x40383096        0xc zephyr/kernel/libkernel.a(scheduler.c.obj)
                0x40383096                z_impl_k_sched_current_thread_query
 .text.z_time_slice_size
                0x403830a2       0x3e zephyr/kernel/libkernel.a(timeslicing.c.obj)
 .text.slice_timeout
                0x403830e0       0x2c zephyr/kernel/libkernel.a(timeslicing.c.obj)
 .text.z_time_slice_reset
                0x4038310c       0x68 zephyr/kernel/libkernel.a(timeslicing.c.obj)
                0x4038310c                z_time_slice_reset
 .text.z_time_slice
                0x40383174       0x5a zephyr/kernel/libkernel.a(timeslicing.c.obj)
                0x40383174                z_time_slice
 .text.first    0x403831ce        0xe zephyr/kernel/libkernel.a(timeout.c.obj)
 .text.next_timeout
                0x403831dc       0x42 zephyr/kernel/libkernel.a(timeout.c.obj)
 .text.elapsed  0x4038321e        0xc zephyr/kernel/libkernel.a(timeout.c.obj)
 .text.z_add_timeout
                0x4038322a      0x160 zephyr/kernel/libkernel.a(timeout.c.obj)
                0x4038322a                z_add_timeout
 .text.z_try_abort_timeout
                0x4038338a       0x8a zephyr/kernel/libkernel.a(timeout.c.obj)
                0x4038338a                z_try_abort_timeout
 .text.z_timeout_inflight_superseded
                0x40383414       0x20 zephyr/kernel/libkernel.a(timeout.c.obj)
                0x40383414                z_timeout_inflight_superseded
 .text.sys_clock_announce_locked
                0x40383434       0xe0 zephyr/kernel/libkernel.a(timeout.c.obj)
                0x40383434                sys_clock_announce_locked
 .text.sys_clock_tick_get
                0x40383514       0x38 zephyr/kernel/libkernel.a(timeout.c.obj)
                0x40383514                sys_clock_tick_get
 .text.sys_clock_tick_get_32
                0x4038354c        0xc zephyr/kernel/libkernel.a(timeout.c.obj)
                0x4038354c                sys_clock_tick_get_32
 .text.z_impl_k_uptime_ticks
                0x40383558        0x2 zephyr/kernel/libkernel.a(timeout.c.obj)
                0x40383558                z_impl_k_uptime_ticks
 .text.z_alloc_helper
                0x4038355a       0x3a zephyr/kernel/libkernel.a(mempool.c.obj)
 .text.z_thread_alloc_helper
                0x40383594       0x48 zephyr/kernel/libkernel.a(mempool.c.obj)
 .text.k_free   0x403835dc       0x2c zephyr/kernel/libkernel.a(mempool.c.obj)
                0x403835dc                k_free
 .text.k_malloc
                0x40383608       0x18 zephyr/kernel/libkernel.a(mempool.c.obj)
                0x40383608                k_malloc
 .text.k_thread_system_pool_assign
                0x40383620        0xe zephyr/kernel/libkernel.a(mempool.c.obj)
                0x40383620                k_thread_system_pool_assign
 .text.z_thread_malloc
                0x4038362e       0x10 zephyr/kernel/libkernel.a(mempool.c.obj)
                0x4038362e                z_thread_malloc
 .text.k_heap_init
                0x4038363e       0x10 zephyr/kernel/libkernel.a(kheap.c.obj)
                0x4038363e                k_heap_init
 .text.statics_init
                0x4038364e       0x34 zephyr/kernel/libkernel.a(kheap.c.obj)
 *libzephyr.a:atomic_c.*(SORT_BY_ALIGNMENT(.literal) SORT_BY_ALIGNMENT(.text) SORT_BY_ALIGNMENT(.literal.*) SORT_BY_ALIGNMENT(.text.*))
 *libgcc.a:lib2funcs.*(SORT_BY_ALIGNMENT(.literal) SORT_BY_ALIGNMENT(.text) SORT_BY_ALIGNMENT(.literal.*) SORT_BY_ALIGNMENT(.text.*))
 *libdrivers__flash.a:flash_esp32.*(SORT_BY_ALIGNMENT(.literal) SORT_BY_ALIGNMENT(.text) SORT_BY_ALIGNMENT(.literal.*) SORT_BY_ALIGNMENT(.text.*))
 *libzephyr.a:log_noos.*(SORT_BY_ALIGNMENT(.literal) SORT_BY_ALIGNMENT(.text) SORT_BY_ALIGNMENT(.literal.*) SORT_BY_ALIGNMENT(.text.*))
 *libdrivers__timer.a:esp32_sys_timer.*(SORT_BY_ALIGNMENT(.literal) SORT_BY_ALIGNMENT(.text) SORT_BY_ALIGNMENT(.literal.*) SORT_BY_ALIGNMENT(.text.*))
 .text.get_systimer_alarm
                0x40383682        0xe zephyr/drivers/timer/libdrivers__timer.a(esp32_sys_timer.c.obj)
 .text.set_systimer_alarm
                0x40383690       0x6a zephyr/drivers/timer/libdrivers__timer.a(esp32_sys_timer.c.obj)
 .text.sys_clock_driver_init
                0x403836fa       0x88 zephyr/drivers/timer/libdrivers__timer.a(esp32_sys_timer.c.obj)
 .text.sys_clock_set_timeout
                0x40383782       0xa4 zephyr/drivers/timer/libdrivers__timer.a(esp32_sys_timer.c.obj)
                0x40383782                sys_clock_set_timeout
 .text.sys_clock_elapsed
                0x40383826       0x3e zephyr/drivers/timer/libdrivers__timer.a(esp32_sys_timer.c.obj)
                0x40383826                sys_clock_elapsed
 *libzephyr.a:log_core.*(SORT_BY_ALIGNMENT(.literal) SORT_BY_ALIGNMENT(.text) SORT_BY_ALIGNMENT(.literal.*) SORT_BY_ALIGNMENT(.text.*))
 *libzephyr.a:cbprintf_complete.*(SORT_BY_ALIGNMENT(.literal) SORT_BY_ALIGNMENT(.text) SORT_BY_ALIGNMENT(.literal.*) SORT_BY_ALIGNMENT(.text.*))
 *libzephyr.a:printk.*(SORT_BY_ALIGNMENT(.literal.printk) SORT_BY_ALIGNMENT(.literal.vprintk) SORT_BY_ALIGNMENT(.literal.char_out) SORT_BY_ALIGNMENT(.text.printk) SORT_BY_ALIGNMENT(.text.vprintk) SORT_BY_ALIGNMENT(.text.char_out))
 .text.char_out
                0x40383864        0xa zephyr/libzephyr.a(printk.c.obj)
 .text.vprintk  0x4038386e       0x30 zephyr/libzephyr.a(printk.c.obj)
                0x4038386e                vprintk
 .text.printk   0x4038389e       0x1e zephyr/libzephyr.a(printk.c.obj)
                0x4038389e                printk
 *libzephyr.a:log_msg.*(SORT_BY_ALIGNMENT(.literal) SORT_BY_ALIGNMENT(.text) SORT_BY_ALIGNMENT(.literal.*) SORT_BY_ALIGNMENT(.text.*))
 *libzephyr.a:log_list.*(SORT_BY_ALIGNMENT(.literal) SORT_BY_ALIGNMENT(.text) SORT_BY_ALIGNMENT(.literal.*) SORT_BY_ALIGNMENT(.text.*))
 *libdrivers__console.a:uart_console.*(SORT_BY_ALIGNMENT(.literal.console_out) SORT_BY_ALIGNMENT(.text.console_out))
 .text.console_out
                0x403838bc       0x46 zephyr/drivers/console/libdrivers__console.a(uart_console.c.obj)
 *libzephyr.a:log_output.*(SORT_BY_ALIGNMENT(.literal) SORT_BY_ALIGNMENT(.text) SORT_BY_ALIGNMENT(.literal.*) SORT_BY_ALIGNMENT(.text.*))
 *libzephyr.a:log_backend_uart.*(SORT_BY_ALIGNMENT(.literal) SORT_BY_ALIGNMENT(.text) SORT_BY_ALIGNMENT(.literal.*) SORT_BY_ALIGNMENT(.text.*))
 *libzephyr.a:rtc_*.*(SORT_BY_ALIGNMENT(.literal) SORT_BY_ALIGNMENT(.text) SORT_BY_ALIGNMENT(.literal.*) SORT_BY_ALIGNMENT(.text.*))
 .text.rtc_gpio_is_valid_gpio
                0x40383902        0x4 zephyr/libzephyr.a(rtc_io.c.obj)
                0x40383902                rtc_gpio_is_valid_gpio
 .text.rtc_clk_bbpll_disable
                0x40383906       0x16 zephyr/libzephyr.a(rtc_clk.c.obj)
 .text.rtc_clk_32k_enable.part.0
                0x4038391c       0x56 zephyr/libzephyr.a(rtc_clk.c.obj)
 .text.rtc_clk_32k_enable
                0x40383972       0x1c zephyr/libzephyr.a(rtc_clk.c.obj)
                0x40383972                rtc_clk_32k_enable
 .text.rtc_clk_32k_enable_external
                0x4038398e       0x2c zephyr/libzephyr.a(rtc_clk.c.obj)
                0x4038398e                rtc_clk_32k_enable_external
 .text.rtc_clk_8m_enable
                0x403839ba       0x76 zephyr/libzephyr.a(rtc_clk.c.obj)
                0x403839ba                rtc_clk_8m_enable
 .text.rtc_clk_slow_src_set
                0x40383a30       0xa0 zephyr/libzephyr.a(rtc_clk.c.obj)
                0x40383a30                rtc_clk_slow_src_set
 .text.rtc_clk_slow_src_get
                0x40383ad0        0xa zephyr/libzephyr.a(rtc_clk.c.obj)
                0x40383ad0                rtc_clk_slow_src_get
 .text.rtc_clk_fast_src_set
                0x40383ada       0x3c zephyr/libzephyr.a(rtc_clk.c.obj)
                0x40383ada                rtc_clk_fast_src_set
 .text.rtc_clk_cpu_freq_mhz_to_config
                0x40383b16       0x62 zephyr/libzephyr.a(rtc_clk.c.obj)
                0x40383b16                rtc_clk_cpu_freq_mhz_to_config
 .text.rtc_clk_cpu_freq_get_config
                0x40383b78       0xcc zephyr/libzephyr.a(rtc_clk.c.obj)
                0x40383b78                rtc_clk_cpu_freq_get_config
 .text.rtc_clk_xtal_freq_update
                0x40383c44       0x2a zephyr/libzephyr.a(rtc_clk.c.obj)
                0x40383c44                rtc_clk_xtal_freq_update
 .text.rtc_clk_cpu_freq_set_xtal
                0x40383c6e       0x10 zephyr/libzephyr.a(rtc_clk.c.obj)
                0x40383c6e                rtc_clk_cpu_freq_set_xtal
 .text.rtc_clk_cpu_freq_to_pll_mhz
                0x40383c7e       0x6e zephyr/libzephyr.a(rtc_clk.c.obj)
 .text.rtc_clk_cpu_freq_set_config
                0x40383cec      0x208 zephyr/libzephyr.a(rtc_clk.c.obj)
                0x40383cec                rtc_clk_cpu_freq_set_config
 .text.rtc_clk_apb_freq_get
                0x40383ef4       0x2c zephyr/libzephyr.a(rtc_clk.c.obj)
                0x40383ef4                rtc_clk_apb_freq_get
 .text.rtc_clk_divider_set
                0x40383f20       0x32 zephyr/libzephyr.a(rtc_clk.c.obj)
                0x40383f20                rtc_clk_divider_set
 .text.rtc_clk_8m_divider_set
                0x40383f52       0x26 zephyr/libzephyr.a(rtc_clk.c.obj)
                0x40383f52                rtc_clk_8m_divider_set
 .text.get_rtc_dbias_by_efuse
                0x40383f78       0xc0 zephyr/libzephyr.a(rtc_init.c.obj)
                0x40383f78                get_rtc_dbias_by_efuse
 .text.rtc_init
                0x40384038      0x4d4 zephyr/libzephyr.a(rtc_init.c.obj)
                0x40384038                rtc_init
 .text.rtc_sleep_pu
                0x4038450c      0x10e zephyr/libzephyr.a(rtc_sleep.c.obj)
                0x4038450c                rtc_sleep_pu
 .text.rtc_clk_cal_internal
                0x4038461a      0x236 zephyr/libzephyr.a(rtc_time.c.obj)
 .text.rtc_clk_cal
                0x40384850       0xde zephyr/libzephyr.a(rtc_time.c.obj)
                0x40384850                rtc_clk_cal
 .text.rtc_time_us_to_slowclk
                0x4038492e       0x94 zephyr/libzephyr.a(rtc_time.c.obj)
                0x4038492e                rtc_time_us_to_slowclk
 .text.rtc_time_get
                0x403849c2       0x18 zephyr/libzephyr.a(rtc_time.c.obj)
                0x403849c2                rtc_time_get
 .text.rtc_clk_freq_cal
                0x403849da       0x22 zephyr/libzephyr.a(rtc_time.c.obj)
                0x403849da                rtc_clk_freq_to_period
                0x403849da                rtc_clk_freq_cal
 *libzephyr.a:periph_ctrl.*(SORT_BY_ALIGNMENT(.literal) SORT_BY_ALIGNMENT(.text) SORT_BY_ALIGNMENT(.literal.*) SORT_BY_ALIGNMENT(.text.*))
 .text.periph_ll_disable_clk_set_rst
                0x403849fc       0x68 zephyr/libzephyr.a(periph_ctrl.c.obj)
 .text.periph_ll_enable_clk_clear_rst
                0x40384a64       0x78 zephyr/libzephyr.a(periph_ctrl.c.obj)
 .text.periph_rcc_acquire_enter
                0x40384adc       0x24 zephyr/libzephyr.a(periph_ctrl.c.obj)
                0x40384adc                periph_rcc_acquire_enter
 .text.periph_rcc_acquire_exit
                0x40384b00       0x14 zephyr/libzephyr.a(periph_ctrl.c.obj)
                0x40384b00                periph_rcc_acquire_exit
 .text.periph_module_enable
                0x40384b14       0x52 zephyr/libzephyr.a(periph_ctrl.c.obj)
                0x40384b14                periph_module_enable
 .text.periph_module_disable
                0x40384b66       0x40 zephyr/libzephyr.a(periph_ctrl.c.obj)
                0x40384b66                periph_module_disable
 .text.non_shared_periph_module_enable
                0x40384ba6      0x252 zephyr/libzephyr.a(periph_ctrl.c.obj)
                0x40384ba6                non_shared_periph_module_enable
 .text.non_shared_periph_module_disable
                0x40384df8      0x130 zephyr/libzephyr.a(periph_ctrl.c.obj)
                0x40384df8                non_shared_periph_module_disable
 *libzephyr.a:regi2c_ctrl.*(SORT_BY_ALIGNMENT(.literal) SORT_BY_ALIGNMENT(.text) SORT_BY_ALIGNMENT(.literal.*) SORT_BY_ALIGNMENT(.text.*))
 .text.regi2c_ctrl_read_reg_mask
                0x40384f28       0x20 zephyr/libzephyr.a(regi2c_ctrl.c.obj)
                0x40384f28                regi2c_ctrl_read_reg_mask
 .text.regi2c_ctrl_write_reg
                0x40384f48       0x20 zephyr/libzephyr.a(regi2c_ctrl.c.obj)
                0x40384f48                regi2c_ctrl_write_reg
 .text.regi2c_ctrl_write_reg_mask
                0x40384f68       0x20 zephyr/libzephyr.a(regi2c_ctrl.c.obj)
                0x40384f68                regi2c_ctrl_write_reg_mask
 *libzephyr.a:sar_periph_ctrl_common.*(SORT_BY_ALIGNMENT(.literal) SORT_BY_ALIGNMENT(.text) SORT_BY_ALIGNMENT(.literal.*) SORT_BY_ALIGNMENT(.text.*))
 .text.regi2c_saradc_enable
                0x40384f88       0x6c zephyr/libzephyr.a(sar_periph_ctrl_common.c.obj)
                0x40384f88                regi2c_saradc_enable
 .text.regi2c_saradc_disable
                0x40384ff4       0xa2 zephyr/libzephyr.a(sar_periph_ctrl_common.c.obj)
                0x40384ff4                regi2c_saradc_disable
 *libgcov.a:(SORT_BY_ALIGNMENT(.literal) SORT_BY_ALIGNMENT(.text) SORT_BY_ALIGNMENT(.literal.*) SORT_BY_ALIGNMENT(.text.*))
 *libphy.a:(SORT_BY_ALIGNMENT(.phyiram) SORT_BY_ALIGNMENT(.phyiram.*))
 *librtc.a:(SORT_BY_ALIGNMENT(.literal) SORT_BY_ALIGNMENT(.text) SORT_BY_ALIGNMENT(.literal.*) SORT_BY_ALIGNMENT(.text.*))
 *libzephyr.a:efuse_hal.*(SORT_BY_ALIGNMENT(.literal) SORT_BY_ALIGNMENT(.text) SORT_BY_ALIGNMENT(.literal.*) SORT_BY_ALIGNMENT(.text.*))
 *libzephyr.a:mmu_hal.*(SORT_BY_ALIGNMENT(.literal) SORT_BY_ALIGNMENT(.text) SORT_BY_ALIGNMENT(.literal.*) SORT_BY_ALIGNMENT(.text.*))
 .text.mmu_hal_ctx_init
                0x40385096        0xe zephyr/libzephyr.a(mmu_hal.c.obj)
                0x40385096                mmu_hal_ctx_init
 .text.mmu_hal_unmap_all
                0x403850a4       0x2c zephyr/libzephyr.a(mmu_hal.c.obj)
                0x403850a4                mmu_hal_unmap_all
 .text.mmu_hal_paddr_to_vaddr
                0x403850d0       0x50 zephyr/libzephyr.a(mmu_hal.c.obj)
                0x403850d0                mmu_hal_paddr_to_vaddr
 .text.mmu_hal_map_region
                0x40385120       0x36 zephyr/libzephyr.a(mmu_hal.c.obj)
                0x40385120                mmu_hal_map_region
 *libzephyr.a:spi_flash_hal_iram.*(SORT_BY_ALIGNMENT(.literal) SORT_BY_ALIGNMENT(.literal.*) SORT_BY_ALIGNMENT(.text) SORT_BY_ALIGNMENT(.text.*))
 .text.spi_flash_hal_poll_cmd_done
                0x40385156        0x8 zephyr/libzephyr.a(spi_flash_hal_iram.c.obj)
                0x40385156                spi_flash_hal_poll_cmd_done
 .text.spi_flash_hal_configure_host_io_mode
                0x4038515e      0x194 zephyr/libzephyr.a(spi_flash_hal_iram.c.obj)
                0x4038515e                spi_flash_hal_configure_host_io_mode
 .text.spi_flash_hal_common_command
                0x403852f2      0x1b2 zephyr/libzephyr.a(spi_flash_hal_iram.c.obj)
                0x403852f2                spi_flash_hal_common_command
 .text.spi_flash_hal_read
                0x403854a4       0xce zephyr/libzephyr.a(spi_flash_hal_iram.c.obj)
                0x403854a4                spi_flash_hal_read
 .text.spi_flash_hal_erase_chip
                0x40385572       0x1a zephyr/libzephyr.a(spi_flash_hal_iram.c.obj)
                0x40385572                spi_flash_hal_erase_chip
 .text.spi_flash_hal_erase_sector
                0x4038558c       0x3e zephyr/libzephyr.a(spi_flash_hal_iram.c.obj)
                0x4038558c                spi_flash_hal_erase_sector
 .text.spi_flash_hal_erase_block
                0x403855ca       0x38 zephyr/libzephyr.a(spi_flash_hal_iram.c.obj)
                0x403855ca                spi_flash_hal_erase_block
 .text.spi_flash_hal_program_page
                0x40385602       0xb2 zephyr/libzephyr.a(spi_flash_hal_iram.c.obj)
                0x40385602                spi_flash_hal_program_page
 .text.spi_flash_hal_set_write_protect
                0x403856b4       0x24 zephyr/libzephyr.a(spi_flash_hal_iram.c.obj)
                0x403856b4                spi_flash_hal_set_write_protect
 .text.spi_flash_hal_check_status
                0x403856d8       0x16 zephyr/libzephyr.a(spi_flash_hal_iram.c.obj)
                0x403856d8                spi_flash_hal_check_status
 .text.spi_flash_hal_setup_read_suspend
                0x403856ee       0x9c zephyr/libzephyr.a(spi_flash_hal_iram.c.obj)
                0x403856ee                spi_flash_hal_setup_read_suspend
 .text.spi_flash_hal_setup_auto_suspend_mode
                0x4038578a      0x14a zephyr/libzephyr.a(spi_flash_hal_iram.c.obj)
                0x4038578a                spi_flash_hal_setup_auto_suspend_mode
 .text.spi_flash_hal_disable_auto_suspend_mode
                0x403858d4       0x68 zephyr/libzephyr.a(spi_flash_hal_iram.c.obj)
                0x403858d4                spi_flash_hal_disable_auto_suspend_mode
 .text.spi_flash_hal_device_config
                0x4038593c       0xba zephyr/libzephyr.a(spi_flash_hal_iram.c.obj)
                0x4038593c                spi_flash_hal_device_config
 .text.spi_flash_hal_resume
                0x403859f6       0x14 zephyr/libzephyr.a(spi_flash_hal_iram.c.obj)
                0x403859f6                spi_flash_hal_resume
 .text.spi_flash_hal_suspend
                0x40385a0a       0x14 zephyr/libzephyr.a(spi_flash_hal_iram.c.obj)
                0x40385a0a                spi_flash_hal_suspend
 *libzephyr.a:spi_flash_encrypt_hal_iram.*(SORT_BY_ALIGNMENT(.literal) SORT_BY_ALIGNMENT(.text) SORT_BY_ALIGNMENT(.literal.*) SORT_BY_ALIGNMENT(.text.*))
 .text.spi_flash_encryption_hal_enable
                0x40385a1e       0x16 zephyr/libzephyr.a(spi_flash_encrypt_hal_iram.c.obj)
                0x40385a1e                spi_flash_encryption_hal_enable
 .text.spi_flash_encryption_hal_disable
                0x40385a34        0xc zephyr/libzephyr.a(spi_flash_encrypt_hal_iram.c.obj)
                0x40385a34                spi_flash_encryption_hal_disable
 .text.spi_flash_encryption_hal_prepare
                0x40385a40       0x2a zephyr/libzephyr.a(spi_flash_encrypt_hal_iram.c.obj)
                0x40385a40                spi_flash_encryption_hal_prepare
 .text.spi_flash_encryption_hal_done
                0x40385a6a       0x24 zephyr/libzephyr.a(spi_flash_encrypt_hal_iram.c.obj)
                0x40385a6a                spi_flash_encryption_hal_done
 .text.spi_flash_encryption_hal_destroy
                0x40385a8e        0xa zephyr/libzephyr.a(spi_flash_encrypt_hal_iram.c.obj)
                0x40385a8e                spi_flash_encryption_hal_destroy
 .text.spi_flash_encryption_hal_check
                0x40385a98        0xa zephyr/libzephyr.a(spi_flash_encrypt_hal_iram.c.obj)
                0x40385a98                spi_flash_encryption_hal_check
 *libzephyr.a:cache_hal.*(SORT_BY_ALIGNMENT(.literal) SORT_BY_ALIGNMENT(.text) SORT_BY_ALIGNMENT(.literal.*) SORT_BY_ALIGNMENT(.text.*))
 .text.s_cache_hal_init_ctx
                0x40385aa2       0x3a zephyr/libzephyr.a(cache_hal.c.obj)
                0x40385aa2                s_cache_hal_init_ctx
 .text.cache_hal_init
                0x40385adc       0x4e zephyr/libzephyr.a(cache_hal.c.obj)
                0x40385adc                cache_hal_init
 .text.cache_hal_disable
                0x40385b2a        0x8 zephyr/libzephyr.a(cache_hal.c.obj)
                0x40385b2a                cache_hal_disable
 .text.cache_hal_enable
                0x40385b32       0x12 zephyr/libzephyr.a(cache_hal.c.obj)
                0x40385b32                cache_hal_enable
 .text.cache_hal_suspend
                0x40385b44        0x8 zephyr/libzephyr.a(cache_hal.c.obj)
                0x40385b44                cache_hal_suspend
 .text.cache_hal_resume
                0x40385b4c       0x12 zephyr/libzephyr.a(cache_hal.c.obj)
                0x40385b4c                cache_hal_resume
 .text.cache_hal_invalidate_addr
                0x40385b5e       0x54 zephyr/libzephyr.a(cache_hal.c.obj)
                0x40385b5e                cache_hal_invalidate_addr
 *libzephyr.a:ledc_hal_iram.*(SORT_BY_ALIGNMENT(.literal) SORT_BY_ALIGNMENT(.text) SORT_BY_ALIGNMENT(.literal.*) SORT_BY_ALIGNMENT(.text.*))
 *libzephyr.a:i2c_hal_iram.*(SORT_BY_ALIGNMENT(.literal) SORT_BY_ALIGNMENT(.text) SORT_BY_ALIGNMENT(.literal.*) SORT_BY_ALIGNMENT(.text.*))
 *libzephyr.a:wdt_hal_iram.*(SORT_BY_ALIGNMENT(.literal) SORT_BY_ALIGNMENT(.text) SORT_BY_ALIGNMENT(.literal.*) SORT_BY_ALIGNMENT(.text.*))
 .text.wdt_hal_write_protect_disable
                0x40385bb2       0x18 zephyr/libzephyr.a(wdt_hal_iram.c.obj)
                0x40385bb2                wdt_hal_write_protect_disable
 .text.wdt_hal_write_protect_enable
                0x40385bca       0x12 zephyr/libzephyr.a(wdt_hal_iram.c.obj)
                0x40385bca                wdt_hal_write_protect_enable
 .text.wdt_hal_disable
                0x40385bdc       0x20 zephyr/libzephyr.a(wdt_hal_iram.c.obj)
                0x40385bdc                wdt_hal_disable
 .text.wdt_hal_set_flashboot_en
                0x40385bfc       0x36 zephyr/libzephyr.a(wdt_hal_iram.c.obj)
                0x40385bfc                wdt_hal_set_flashboot_en
 *libzephyr.a:systimer_hal.*(SORT_BY_ALIGNMENT(.literal) SORT_BY_ALIGNMENT(.text) SORT_BY_ALIGNMENT(.literal.*) SORT_BY_ALIGNMENT(.text.*))
 .text.systimer_hal_init
                0x40385c32       0x16 zephyr/libzephyr.a(systimer_hal.c.obj)
                0x40385c32                systimer_hal_init
 .text.systimer_hal_set_tick_rate_ops
                0x40385c48        0xa zephyr/libzephyr.a(systimer_hal.c.obj)
                0x40385c48                systimer_hal_set_tick_rate_ops
 .text.systimer_hal_get_counter_value
                0x40385c52       0x48 zephyr/libzephyr.a(systimer_hal.c.obj)
                0x40385c52                systimer_hal_get_counter_value
 .text.systimer_hal_enable_counter
                0x40385c9a       0x14 zephyr/libzephyr.a(systimer_hal.c.obj)
                0x40385c9a                systimer_hal_enable_counter
 .text.systimer_hal_select_alarm_mode
                0x40385cae       0x32 zephyr/libzephyr.a(systimer_hal.c.obj)
                0x40385cae                systimer_hal_select_alarm_mode
 .text.systimer_hal_connect_alarm_counter
                0x40385ce0       0x16 zephyr/libzephyr.a(systimer_hal.c.obj)
                0x40385ce0                systimer_hal_connect_alarm_counter
 .text.systimer_hal_counter_can_stall_by_cpu
                0x40385cf6       0x22 zephyr/libzephyr.a(systimer_hal.c.obj)
                0x40385cf6                systimer_hal_counter_can_stall_by_cpu
 *libzephyr.a:spi_flash_hal_gpspi.*(SORT_BY_ALIGNMENT(.literal) SORT_BY_ALIGNMENT(.literal.*) SORT_BY_ALIGNMENT(.text) SORT_BY_ALIGNMENT(.text.*))
 .text.gpspi_flash_ll_get_buffer_data
                0x40385d18       0x8c zephyr/libzephyr.a(spi_flash_hal_gpspi.c.obj)
 .text.spi_flash_hal_gpspi_poll_cmd_done
                0x40385da4        0xe zephyr/libzephyr.a(spi_flash_hal_gpspi.c.obj)
                0x40385da4                spi_flash_hal_gpspi_poll_cmd_done
 .text.spi_flash_hal_gpspi_device_config
                0x40385db2       0xce zephyr/libzephyr.a(spi_flash_hal_gpspi.c.obj)
                0x40385db2                spi_flash_hal_gpspi_device_config
 .text.spi_flash_hal_gpspi_configure_host_io_mode
                0x40385e80      0x19a zephyr/libzephyr.a(spi_flash_hal_gpspi.c.obj)
                0x40385e80                spi_flash_hal_gpspi_configure_host_io_mode
 .text.spi_flash_hal_gpspi_common_command
                0x4038601a      0x18c zephyr/libzephyr.a(spi_flash_hal_gpspi.c.obj)
                0x4038601a                spi_flash_hal_gpspi_common_command
 .text.spi_flash_hal_gpspi_read
                0x403861a6       0xb0 zephyr/libzephyr.a(spi_flash_hal_gpspi.c.obj)
                0x403861a6                spi_flash_hal_gpspi_read
 .text.spi_flash_hal_gpspi_supports_direct_write
                0x40386256        0x4 zephyr/libzephyr.a(spi_flash_hal_gpspi.c.obj)
                0x40386256                spi_flash_hal_gpspi_supports_direct_write
 .text.spi_flash_hal_gpspi_supports_direct_read
                0x4038625a        0x4 zephyr/libzephyr.a(spi_flash_hal_gpspi.c.obj)
                0x4038625a                spi_flash_hal_gpspi_supports_direct_read
 .text.spi_flash_hal_gpspi_check_status
                0x4038625e        0xe zephyr/libzephyr.a(spi_flash_hal_gpspi.c.obj)
                0x4038625e                spi_flash_hal_gpspi_check_status
 *libzephyr.a:lldesc.*(SORT_BY_ALIGNMENT(.literal) SORT_BY_ALIGNMENT(.literal.*) SORT_BY_ALIGNMENT(.text) SORT_BY_ALIGNMENT(.text.*))
 *libzephyr.a:spi_flash_chip_boya.*(SORT_BY_ALIGNMENT(.literal) SORT_BY_ALIGNMENT(.literal.*) SORT_BY_ALIGNMENT(.text) SORT_BY_ALIGNMENT(.text.*))
 .text.spi_flash_chip_boya_probe
                0x4038626c       0x22 zephyr/libzephyr.a(spi_flash_chip_boya.c.obj)
                0x4038626c                spi_flash_chip_boya_probe
 .text.spi_flash_chip_boya_get_caps
                0x4038628e        0x4 zephyr/libzephyr.a(spi_flash_chip_boya.c.obj)
                0x4038628e                spi_flash_chip_boya_get_caps
 *libzephyr.a:spi_flash_chip_gd.*(SORT_BY_ALIGNMENT(.literal) SORT_BY_ALIGNMENT(.literal.*) SORT_BY_ALIGNMENT(.text) SORT_BY_ALIGNMENT(.text.*))
 .text.spi_flash_chip_gd_get_caps
                0x40386292       0x14 zephyr/libzephyr.a(spi_flash_chip_gd.c.obj)
                0x40386292                spi_flash_chip_gd_get_caps
 .text.spi_flash_chip_gd_detect_size
                0x403862a6       0x26 zephyr/libzephyr.a(spi_flash_chip_gd.c.obj)
                0x403862a6                spi_flash_chip_gd_detect_size
 .text.spi_flash_chip_gd_suspend_cmd_conf
                0x403862cc       0x24 zephyr/libzephyr.a(spi_flash_chip_gd.c.obj)
                0x403862cc                spi_flash_chip_gd_suspend_cmd_conf
 .text.spi_flash_chip_gd_get_io_mode
                0x403862f0       0x20 zephyr/libzephyr.a(spi_flash_chip_gd.c.obj)
                0x403862f0                spi_flash_chip_gd_get_io_mode
 .text.spi_flash_chip_gd_probe
                0x40386310       0x46 zephyr/libzephyr.a(spi_flash_chip_gd.c.obj)
                0x40386310                spi_flash_chip_gd_probe
 .text.spi_flash_chip_gd_set_io_mode
                0x40386356       0x4a zephyr/libzephyr.a(spi_flash_chip_gd.c.obj)
                0x40386356                spi_flash_chip_gd_set_io_mode
 *libzephyr.a:spi_flash_chip_generic.*(SORT_BY_ALIGNMENT(.literal) SORT_BY_ALIGNMENT(.literal.*) SORT_BY_ALIGNMENT(.text) SORT_BY_ALIGNMENT(.text.*))
 .text.spi_flash_chip_generic_detect_size
                0x403863a0       0x32 zephyr/libzephyr.a(spi_flash_chip_generic.c.obj)
                0x403863a0                spi_flash_chip_generic_detect_size
 .text.spi_flash_chip_generic_probe
                0x403863d2        0x4 zephyr/libzephyr.a(spi_flash_chip_generic.c.obj)
                0x403863d2                spi_flash_chip_generic_probe
 .text.spi_flash_chip_generic_reset
                0x403863d6       0x60 zephyr/libzephyr.a(spi_flash_chip_generic.c.obj)
                0x403863d6                spi_flash_chip_generic_reset
 .text.spi_flash_chip_generic_erase_chip
                0x40386436       0x88 zephyr/libzephyr.a(spi_flash_chip_generic.c.obj)
                0x40386436                spi_flash_chip_generic_erase_chip
 .text.spi_flash_chip_generic_set_write_protect
                0x403864be       0x4e zephyr/libzephyr.a(spi_flash_chip_generic.c.obj)
                0x403864be                spi_flash_chip_generic_set_write_protect
 .text.spi_flash_chip_generic_read_reg
                0x4038650c        0xa zephyr/libzephyr.a(spi_flash_chip_generic.c.obj)
                0x4038650c                spi_flash_chip_generic_read_reg
 .text.spi_flash_chip_generic_wait_idle
                0x40386516       0xa8 zephyr/libzephyr.a(spi_flash_chip_generic.c.obj)
                0x40386516                spi_flash_chip_generic_wait_idle
 .text.spi_flash_chip_generic_config_host_io_mode
                0x403865be       0xea zephyr/libzephyr.a(spi_flash_chip_generic.c.obj)
                0x403865be                spi_flash_chip_generic_config_host_io_mode
 .text.spi_flash_chip_generic_get_caps
                0x403866a8       0x86 zephyr/libzephyr.a(spi_flash_chip_generic.c.obj)
                0x403866a8                spi_flash_chip_generic_get_caps
 .text.spi_flash_chip_generic_suspend_cmd_conf
                0x4038672e       0x24 zephyr/libzephyr.a(spi_flash_chip_generic.c.obj)
                0x4038672e                spi_flash_chip_generic_suspend_cmd_conf
 .text.spi_flash_chip_generic_read
                0x40386752       0xc4 zephyr/libzephyr.a(spi_flash_chip_generic.c.obj)
                0x40386752                spi_flash_chip_generic_read
 .text.spi_flash_chip_generic_write
                0x40386816       0xb6 zephyr/libzephyr.a(spi_flash_chip_generic.c.obj)
                0x40386816                spi_flash_chip_generic_write
 .text.spi_flash_chip_generic_get_write_protect
                0x403868cc       0x34 zephyr/libzephyr.a(spi_flash_chip_generic.c.obj)
                0x403868cc                spi_flash_chip_generic_get_write_protect
 .text.spi_flash_chip_generic_yield
                0x40386900       0x4a zephyr/libzephyr.a(spi_flash_chip_generic.c.obj)
                0x40386900                spi_flash_chip_generic_yield
 .text.spi_flash_chip_generic_read_unique_id
                0x4038694a       0x94 zephyr/libzephyr.a(spi_flash_chip_generic.c.obj)
                0x4038694a                spi_flash_chip_generic_read_unique_id
 .text.spi_flash_chip_generic_write_encrypted
                0x403869de       0xe2 zephyr/libzephyr.a(spi_flash_chip_generic.c.obj)
                0x403869de                spi_flash_chip_generic_write_encrypted
 .text.spi_flash_common_read_qe_sr.constprop.0.isra.0
                0x40386ac0       0x46 zephyr/libzephyr.a(spi_flash_chip_generic.c.obj)
 .text.spi_flash_common_read_status_16b_rdsr_rdsr2
                0x40386b06       0x40 zephyr/libzephyr.a(spi_flash_chip_generic.c.obj)
                0x40386b06                spi_flash_common_read_status_16b_rdsr_rdsr2
 .text.spi_flash_common_write_qe_sr.isra.0
                0x40386b46       0x44 zephyr/libzephyr.a(spi_flash_chip_generic.c.obj)
 .text.spi_flash_common_write_status_16b_wrsr
                0x40386b8a        0xc zephyr/libzephyr.a(spi_flash_chip_generic.c.obj)
                0x40386b8a                spi_flash_common_write_status_16b_wrsr
 .text.spi_flash_chip_generic_erase_block
                0x40386b96       0xcc zephyr/libzephyr.a(spi_flash_chip_generic.c.obj)
                0x40386b96                spi_flash_chip_generic_erase_block
 .text.spi_flash_chip_generic_erase_sector
                0x40386c62       0xcc zephyr/libzephyr.a(spi_flash_chip_generic.c.obj)
                0x40386c62                spi_flash_chip_generic_erase_sector
 .text.spi_flash_chip_generic_page_program
                0x40386d2e       0xbe zephyr/libzephyr.a(spi_flash_chip_generic.c.obj)
                0x40386d2e                spi_flash_chip_generic_page_program
 .text.spi_flash_chip_generic_read_unique_id_none
                0x40386dec        0x6 zephyr/libzephyr.a(spi_flash_chip_generic.c.obj)
                0x40386dec                spi_flash_chip_generic_read_unique_id_none
 .text.spi_flash_common_read_status_8b_rdsr2
                0x40386df2        0xc zephyr/libzephyr.a(spi_flash_chip_generic.c.obj)
                0x40386df2                spi_flash_common_read_status_8b_rdsr2
 .text.spi_flash_chip_generic_get_io_mode
                0x40386dfe       0x20 zephyr/libzephyr.a(spi_flash_chip_generic.c.obj)
                0x40386dfe                spi_flash_chip_generic_get_io_mode
 .text.spi_flash_common_read_status_8b_rdsr
                0x40386e1e        0xa zephyr/libzephyr.a(spi_flash_chip_generic.c.obj)
                0x40386e1e                spi_flash_common_read_status_8b_rdsr
 .text.spi_flash_common_write_status_8b_wrsr
                0x40386e28        0xc zephyr/libzephyr.a(spi_flash_chip_generic.c.obj)
                0x40386e28                spi_flash_common_write_status_8b_wrsr
 .text.spi_flash_common_write_status_8b_wrsr2
                0x40386e34        0xe zephyr/libzephyr.a(spi_flash_chip_generic.c.obj)
                0x40386e34                spi_flash_common_write_status_8b_wrsr2
 .text.spi_flash_common_set_io_mode
                0x40386e42       0x9c zephyr/libzephyr.a(spi_flash_chip_generic.c.obj)
                0x40386e42                spi_flash_common_set_io_mode
 .text.spi_flash_chip_generic_set_io_mode
                0x40386ede       0x18 zephyr/libzephyr.a(spi_flash_chip_generic.c.obj)
                0x40386ede                spi_flash_chip_generic_set_io_mode
 *libzephyr.a:spi_flash_chip_issi.*(SORT_BY_ALIGNMENT(.literal) SORT_BY_ALIGNMENT(.literal.*) SORT_BY_ALIGNMENT(.text) SORT_BY_ALIGNMENT(.text.*))
 .text.spi_flash_chip_issi_probe
                0x40386ef6       0x22 zephyr/libzephyr.a(spi_flash_chip_issi.c.obj)
                0x40386ef6                spi_flash_chip_issi_probe
 .text.spi_flash_chip_issi_get_caps
                0x40386f18        0x4 zephyr/libzephyr.a(spi_flash_chip_issi.c.obj)
                0x40386f18                spi_flash_chip_issi_get_caps
 .text.spi_flash_chip_issi_set_io_mode
                0x40386f1c       0x18 zephyr/libzephyr.a(spi_flash_chip_issi.c.obj)
                0x40386f1c                spi_flash_chip_issi_set_io_mode
 .text.spi_flash_chip_issi_get_io_mode
                0x40386f34       0x20 zephyr/libzephyr.a(spi_flash_chip_issi.c.obj)
                0x40386f34                spi_flash_chip_issi_get_io_mode
 *libzephyr.a:spi_flash_chip_mxic.*(SORT_BY_ALIGNMENT(.literal) SORT_BY_ALIGNMENT(.literal.*) SORT_BY_ALIGNMENT(.text) SORT_BY_ALIGNMENT(.text.*))
 .text.spi_flash_chip_mxic_probe
                0x40386f54       0x22 zephyr/libzephyr.a(spi_flash_chip_mxic.c.obj)
                0x40386f54                spi_flash_chip_mxic_probe
 .text.spi_flash_chip_mxic_detect_size
                0x40386f76       0x34 zephyr/libzephyr.a(spi_flash_chip_mxic.c.obj)
                0x40386f76                spi_flash_chip_mxic_detect_size
 .text.spi_flash_chip_mxic_get_caps
                0x40386faa        0x4 zephyr/libzephyr.a(spi_flash_chip_mxic.c.obj)
                0x40386faa                spi_flash_chip_mxic_get_caps
 *libzephyr.a:spi_flash_chip_mxic_opi.*(SORT_BY_ALIGNMENT(.literal) SORT_BY_ALIGNMENT(.literal.*) SORT_BY_ALIGNMENT(.text) SORT_BY_ALIGNMENT(.text.*))
 *libzephyr.a:spi_flash_chip_th.*(SORT_BY_ALIGNMENT(.literal) SORT_BY_ALIGNMENT(.literal.*) SORT_BY_ALIGNMENT(.text) SORT_BY_ALIGNMENT(.text.*))
 .text.spi_flash_chip_th_probe
                0x40386fae       0x22 zephyr/libzephyr.a(spi_flash_chip_th.c.obj)
                0x40386fae                spi_flash_chip_th_probe
 .text.spi_flash_chip_th_get_caps
                0x40386fd0        0x4 zephyr/libzephyr.a(spi_flash_chip_th.c.obj)
                0x40386fd0                spi_flash_chip_th_get_caps
 *libzephyr.a:spi_flash_chip_winbond.*(SORT_BY_ALIGNMENT(.literal) SORT_BY_ALIGNMENT(.literal.*) SORT_BY_ALIGNMENT(.text) SORT_BY_ALIGNMENT(.text.*))
 .text.spi_flash_chip_winbond_probe
                0x40386fd4       0x12 zephyr/libzephyr.a(spi_flash_chip_winbond.c.obj)
                0x40386fd4                spi_flash_chip_winbond_probe
 .text.spi_flash_chip_winbond_get_caps
                0x40386fe6       0x14 zephyr/libzephyr.a(spi_flash_chip_winbond.c.obj)
                0x40386fe6                spi_flash_chip_winbond_get_caps
 .text.spi_flash_chip_winbond_suspend_cmd_conf
                0x40386ffa       0x24 zephyr/libzephyr.a(spi_flash_chip_winbond.c.obj)
                0x40386ffa                spi_flash_chip_winbond_suspend_cmd_conf
 .text.spi_flash_chip_winbond_read
                0x4038701e       0xc4 zephyr/libzephyr.a(spi_flash_chip_winbond.c.obj)
                0x4038701e                spi_flash_chip_winbond_read
 .text.spi_flash_chip_winbond_erase_block
                0x403870e2       0xe6 zephyr/libzephyr.a(spi_flash_chip_winbond.c.obj)
                0x403870e2                spi_flash_chip_winbond_erase_block
 .text.spi_flash_chip_winbond_erase_sector
                0x403871c8       0xe6 zephyr/libzephyr.a(spi_flash_chip_winbond.c.obj)
                0x403871c8                spi_flash_chip_winbond_erase_sector
 .text.spi_flash_chip_winbond_page_program
                0x403872ae       0xba zephyr/libzephyr.a(spi_flash_chip_winbond.c.obj)
                0x403872ae                spi_flash_chip_winbond_page_program
 *libzephyr.a:memspi_host_driver.*(SORT_BY_ALIGNMENT(.literal) SORT_BY_ALIGNMENT(.literal.*) SORT_BY_ALIGNMENT(.text) SORT_BY_ALIGNMENT(.text.*))
 .text.memspi_host_read_status_hs
                0x40387368       0x46 zephyr/libzephyr.a(memspi_host_driver.c.obj)
                0x40387368                memspi_host_read_status_hs
 .text.memspi_host_erase_chip
                0x403873ae       0x30 zephyr/libzephyr.a(memspi_host_driver.c.obj)
                0x403873ae                memspi_host_erase_chip
 .text.memspi_host_set_write_protect
                0x403873de       0x3c zephyr/libzephyr.a(memspi_host_driver.c.obj)
                0x403873de                memspi_host_set_write_protect
 .text.memspi_host_write_data_slicer
                0x4038741a       0x3e zephyr/libzephyr.a(memspi_host_driver.c.obj)
                0x4038741a                memspi_host_write_data_slicer
 .text.memspi_host_read_data_slicer
                0x40387458       0x32 zephyr/libzephyr.a(memspi_host_driver.c.obj)
                0x40387458                memspi_host_read_data_slicer
 .text.memspi_host_read_id_hs
                0x4038748a       0x80 zephyr/libzephyr.a(memspi_host_driver.c.obj)
                0x4038748a                memspi_host_read_id_hs
 .text.memspi_host_flush_cache
                0x4038750a       0x26 zephyr/libzephyr.a(memspi_host_driver.c.obj)
                0x4038750a                memspi_host_flush_cache
 .text.memspi_host_erase_sector
                0x40387530       0x4e zephyr/libzephyr.a(memspi_host_driver.c.obj)
                0x40387530                memspi_host_erase_sector
 .text.memspi_host_erase_block
                0x4038757e       0x4e zephyr/libzephyr.a(memspi_host_driver.c.obj)
                0x4038757e                memspi_host_erase_block
 .text.memspi_host_program_page
                0x403875cc       0x62 zephyr/libzephyr.a(memspi_host_driver.c.obj)
                0x403875cc                memspi_host_program_page
 .text.memspi_host_init_pointers
                0x4038762e       0x2a zephyr/libzephyr.a(memspi_host_driver.c.obj)
                0x4038762e                memspi_host_init_pointers
 *libzephyr.a:flash_brownout_hook.*(SORT_BY_ALIGNMENT(.literal) SORT_BY_ALIGNMENT(.literal.*) SORT_BY_ALIGNMENT(.text) SORT_BY_ALIGNMENT(.text.*))
 *libzephyr.a:spi_flash_wrap.*(SORT_BY_ALIGNMENT(.literal) SORT_BY_ALIGNMENT(.literal.*) SORT_BY_ALIGNMENT(.text) SORT_BY_ALIGNMENT(.text.*))
 *libzephyr.a:flash_ops.*(SORT_BY_ALIGNMENT(.literal) SORT_BY_ALIGNMENT(.text) SORT_BY_ALIGNMENT(.literal.*) SORT_BY_ALIGNMENT(.text.*))
 *libzephyr.a:spi_flash_os_func_app.*(SORT_BY_ALIGNMENT(.literal) SORT_BY_ALIGNMENT(.literal.*) SORT_BY_ALIGNMENT(.text) SORT_BY_ALIGNMENT(.text.*))
 *libzephyr.a:spi_flash_os_func_noos.*(SORT_BY_ALIGNMENT(.literal) SORT_BY_ALIGNMENT(.literal.*) SORT_BY_ALIGNMENT(.text) SORT_BY_ALIGNMENT(.text.*))
 .text.delay_us
                0x40387658       0x16 zephyr/libzephyr.a(spi_flash_os_func_noos.c.obj)
 *libzephyr.a:flash_mmap.*(SORT_BY_ALIGNMENT(.literal) SORT_BY_ALIGNMENT(.literal.*) SORT_BY_ALIGNMENT(.text) SORT_BY_ALIGNMENT(.text.*))
 *libzephyr.a:esp_flash_api.*(SORT_BY_ALIGNMENT(.literal) SORT_BY_ALIGNMENT(.literal.*) SORT_BY_ALIGNMENT(.text) SORT_BY_ALIGNMENT(.text.*))
 .text.spiflash_start_core
                0x4038766e       0x68 zephyr/libzephyr.a(esp_flash_api.c.obj)
 .text.spiflash_end_default
                0x403876d6       0x22 zephyr/libzephyr.a(esp_flash_api.c.obj)
 .text.check_chip_pointer_default
                0x403876f8       0x1c zephyr/libzephyr.a(esp_flash_api.c.obj)
 .text.flash_end_flush_cache
                0x40387714       0x64 zephyr/libzephyr.a(esp_flash_api.c.obj)
 .text.detect_spi_flash_chip
                0x40387778       0x7c zephyr/libzephyr.a(esp_flash_api.c.obj)
 .text.spiflash_start_default
                0x403877f4        0x6 zephyr/libzephyr.a(esp_flash_api.c.obj)
 .text.esp_flash_read_chip_id
                0x403877fa        0x6 zephyr/libzephyr.a(esp_flash_api.c.obj)
                0x403877fa                esp_flash_read_chip_id
 .text.esp_flash_get_physical_size
                0x40387800       0x64 zephyr/libzephyr.a(esp_flash_api.c.obj)
                0x40387800                esp_flash_get_physical_size
 .text.esp_flash_is_quad_mode
                0x40387864       0x14 zephyr/libzephyr.a(esp_flash_api.c.obj)
                0x40387864                esp_flash_is_quad_mode
 .text.esp_flash_init_main
                0x40387878      0x14c zephyr/libzephyr.a(esp_flash_api.c.obj)
                0x40387878                esp_flash_init_main
 *libzephyr.a:esp_err.*(SORT_BY_ALIGNMENT(.literal) SORT_BY_ALIGNMENT(.literal.*) SORT_BY_ALIGNMENT(.text) SORT_BY_ALIGNMENT(.text.*))
 *(SORT_BY_ALIGNMENT(.literal.esp_system_abort) SORT_BY_ALIGNMENT(.text.esp_system_abort))
 *(SORT_BY_ALIGNMENT(.literal.esp_restart_noos) SORT_BY_ALIGNMENT(.text.esp_restart_noos))
 *(SORT_BY_ALIGNMENT(.literal.esp_system_reset_modules_on_exit) SORT_BY_ALIGNMENT(.text.esp_system_reset_modules_on_exit))
 *(SORT_BY_ALIGNMENT(.literal.esp_cpu_stall) SORT_BY_ALIGNMENT(.text.esp_cpu_stall))
 *(SORT_BY_ALIGNMENT(.literal.esp_cpu_unstall) SORT_BY_ALIGNMENT(.text.esp_cpu_unstall))
 *(SORT_BY_ALIGNMENT(.literal.esp_cpu_reset) SORT_BY_ALIGNMENT(.text.esp_cpu_reset))
 *(SORT_BY_ALIGNMENT(.literal.esp_cpu_wait_for_intr) SORT_BY_ALIGNMENT(.text.esp_cpu_wait_for_intr))
 *(SORT_BY_ALIGNMENT(.literal.esp_cpu_compare_and_set) SORT_BY_ALIGNMENT(.text.esp_cpu_compare_and_set))
 *libzephyr.a:esp_memory_utils.*(SORT_BY_ALIGNMENT(.literal) SORT_BY_ALIGNMENT(.literal.*) SORT_BY_ALIGNMENT(.text) SORT_BY_ALIGNMENT(.text.*))
 *libzephyr.a:gpio_hal.*(SORT_BY_ALIGNMENT(.literal) SORT_BY_ALIGNMENT(.literal.*) SORT_BY_ALIGNMENT(.text) SORT_BY_ALIGNMENT(.text.*))
 *libzephyr.a:interrupt.*(SORT_BY_ALIGNMENT(.literal) SORT_BY_ALIGNMENT(.literal.*) SORT_BY_ALIGNMENT(.text) SORT_BY_ALIGNMENT(.text.*))
 *libzephyr.a:gpio.*(SORT_BY_ALIGNMENT(.literal) SORT_BY_ALIGNMENT(.literal.*) SORT_BY_ALIGNMENT(.text) SORT_BY_ALIGNMENT(.text.*))
 *libzephyr.a:adc_oneshot_hal.*(SORT_BY_ALIGNMENT(.literal) SORT_BY_ALIGNMENT(.literal.*) SORT_BY_ALIGNMENT(.text) SORT_BY_ALIGNMENT(.text.*))
 *libzephyr.a:adc_hal_common.*(SORT_BY_ALIGNMENT(.literal) SORT_BY_ALIGNMENT(.literal.*) SORT_BY_ALIGNMENT(.text) SORT_BY_ALIGNMENT(.text.*))
 *libzephyr.a:adc_hal.*(SORT_BY_ALIGNMENT(.literal) SORT_BY_ALIGNMENT(.literal.*) SORT_BY_ALIGNMENT(.text) SORT_BY_ALIGNMENT(.text.*))
 *libzephyr.a:uart_hal_iram.*(SORT_BY_ALIGNMENT(.literal) SORT_BY_ALIGNMENT(.literal.*) SORT_BY_ALIGNMENT(.text) SORT_BY_ALIGNMENT(.text.*))
 .text.uart_hal_txfifo_rst
                0x403879c4       0x1a zephyr/libzephyr.a(uart_hal_iram.c.obj)
                0x403879c4                uart_hal_txfifo_rst
 .text.uart_hal_rxfifo_rst
                0x403879de       0x18 zephyr/libzephyr.a(uart_hal_iram.c.obj)
                0x403879de                uart_hal_rxfifo_rst
 .text.uart_hal_write_txfifo
                0x403879f6       0x3c zephyr/libzephyr.a(uart_hal_iram.c.obj)
                0x403879f6                uart_hal_write_txfifo
 .text.uart_hal_read_rxfifo
                0x40387a32       0x28 zephyr/libzephyr.a(uart_hal_iram.c.obj)
                0x40387a32                uart_hal_read_rxfifo
 *libzephyr.a:esp_rom_print.*(SORT_BY_ALIGNMENT(.literal) SORT_BY_ALIGNMENT(.literal.*) SORT_BY_ALIGNMENT(.text) SORT_BY_ALIGNMENT(.text.*))
 *libzephyr.a:clk_utils.*(SORT_BY_ALIGNMENT(.literal) SORT_BY_ALIGNMENT(.literal.*) SORT_BY_ALIGNMENT(.text) SORT_BY_ALIGNMENT(.text.*))
 *libzephyr.a:rtc_clk.*(SORT_BY_ALIGNMENT(.literal) SORT_BY_ALIGNMENT(.literal.*) SORT_BY_ALIGNMENT(.text) SORT_BY_ALIGNMENT(.text.*))
 *libzephyr.a:rtc_clk_init.*(SORT_BY_ALIGNMENT(.literal) SORT_BY_ALIGNMENT(.literal.*) SORT_BY_ALIGNMENT(.text) SORT_BY_ALIGNMENT(.text.*))
 *libzephyr.a:rtc_time.*(SORT_BY_ALIGNMENT(.literal) SORT_BY_ALIGNMENT(.literal.*) SORT_BY_ALIGNMENT(.text) SORT_BY_ALIGNMENT(.text.*))
 *libzephyr.a:rtc_sleep.*(SORT_BY_ALIGNMENT(.literal) SORT_BY_ALIGNMENT(.literal.*) SORT_BY_ALIGNMENT(.text) SORT_BY_ALIGNMENT(.text.*))
 *libzephyr.a:sleep_cache.*(SORT_BY_ALIGNMENT(.literal) SORT_BY_ALIGNMENT(.literal.*) SORT_BY_ALIGNMENT(.text) SORT_BY_ALIGNMENT(.text.*))
 *libzephyr.a:systimer.*(SORT_BY_ALIGNMENT(.literal) SORT_BY_ALIGNMENT(.literal.*) SORT_BY_ALIGNMENT(.text) SORT_BY_ALIGNMENT(.text.*))
 .text.systimer_ticks_to_us
                0x40387a5a        0xc zephyr/libzephyr.a(systimer.c.obj)
                0x40387a5a                systimer_ticks_to_us
 .text.systimer_us_to_ticks
                0x40387a66        0xc zephyr/libzephyr.a(systimer.c.obj)
                0x40387a66                systimer_us_to_ticks
 *(SORT_BY_ALIGNMENT(.literal.sar_periph_ctrl_power_enable) SORT_BY_ALIGNMENT(.text.sar_periph_ctrl_power_enable))
 *libzephyr.a:esp_rom_spiflash.*(SORT_BY_ALIGNMENT(.literal) SORT_BY_ALIGNMENT(.literal.*) SORT_BY_ALIGNMENT(.text) SORT_BY_ALIGNMENT(.text.*))
 *libzephyr.a:esp_rom_sys.*(SORT_BY_ALIGNMENT(.literal) SORT_BY_ALIGNMENT(.literal.*) SORT_BY_ALIGNMENT(.text) SORT_BY_ALIGNMENT(.text.*))
 .text.esp_rom_output_putc
                0x40387a72       0x36 zephyr/libzephyr.a(esp_rom_sys.c.obj)
                0x40387a72                esp_rom_output_putc
 .text.esp_rom_install_uart_printf
                0x40387aa8       0x2a zephyr/libzephyr.a(esp_rom_sys.c.obj)
                0x40387aa8                esp_rom_install_uart_printf
 *libzephyr.a:esp_rom_systimer.*(SORT_BY_ALIGNMENT(.literal) SORT_BY_ALIGNMENT(.literal.*) SORT_BY_ALIGNMENT(.text) SORT_BY_ALIGNMENT(.text.*))
 *libzephyr.a:esp_rom_wdt.*(SORT_BY_ALIGNMENT(.literal) SORT_BY_ALIGNMENT(.literal.*) SORT_BY_ALIGNMENT(.text) SORT_BY_ALIGNMENT(.text.*))
 *libzephyr.a:esp_cache_utils.*(SORT_BY_ALIGNMENT(.literal) SORT_BY_ALIGNMENT(.literal.*) SORT_BY_ALIGNMENT(.text) SORT_BY_ALIGNMENT(.text.*))
 *libzephyr.a:esp_cache_msync.*(SORT_BY_ALIGNMENT(.literal) SORT_BY_ALIGNMENT(.literal.*) SORT_BY_ALIGNMENT(.text) SORT_BY_ALIGNMENT(.text.*))
 .text.esp_cache_sync_ops_enter_critical_section
                0x40387ad2       0x1a zephyr/libzephyr.a(esp_cache_msync.c.obj)
                0x40387ad2                esp_cache_sync_ops_enter_critical_section
 .text.esp_cache_sync_ops_exit_critical_section
                0x40387aec       0x28 zephyr/libzephyr.a(esp_cache_msync.c.obj)
                0x40387aec                esp_cache_sync_ops_exit_critical_section
 *libzephyr.a:cache_utils.*(SORT_BY_ALIGNMENT(.literal) SORT_BY_ALIGNMENT(.text) SORT_BY_ALIGNMENT(.literal.*) SORT_BY_ALIGNMENT(.text.*))
 *libzephyr.a:bootloader_random*.*(SORT_BY_ALIGNMENT(.literal.bootloader_random_disable) SORT_BY_ALIGNMENT(.text.bootloader_random_disable))
 *libzephyr.a:bootloader_random*.*(SORT_BY_ALIGNMENT(.literal.bootloader_random_enable) SORT_BY_ALIGNMENT(.text.bootloader_random_enable))
                0x40387b24                        . = (ALIGN (0x4) + 0x10)
 *fill*         0x40387b14       0x10 

.loader.text    0x40387b24      0x45c load address 0x00007b48
                0x40387b24                        . = ALIGN (0x4)
                0x40387b24                        _loader_text_start = ABSOLUTE (.)
 *libzephyr.a:bootloader_clock_init.*(SORT_BY_ALIGNMENT(.literal) SORT_BY_ALIGNMENT(.text) SORT_BY_ALIGNMENT(.literal.*) SORT_BY_ALIGNMENT(.text.*))
 *libzephyr.a:bootloader_wdt.*(SORT_BY_ALIGNMENT(.literal) SORT_BY_ALIGNMENT(.text) SORT_BY_ALIGNMENT(.literal.*) SORT_BY_ALIGNMENT(.text.*))
 *libzephyr.a:bootloader_flash.*(SORT_BY_ALIGNMENT(.literal) SORT_BY_ALIGNMENT(.text) SORT_BY_ALIGNMENT(.literal.*) SORT_BY_ALIGNMENT(.text.*))
 .text.esp_rom_flash_read
                0x40387b24      0x128 zephyr/libzephyr.a(bootloader_flash.c.obj)
                0x40387b24                esp_rom_flash_read
 .text.bootloader_enable_wp
                0x40387c4c        0xc zephyr/libzephyr.a(bootloader_flash.c.obj)
                0x40387c4c                bootloader_enable_wp
 *libzephyr.a:bootloader_clock_loader.*(SORT_BY_ALIGNMENT(.literal) SORT_BY_ALIGNMENT(.text) SORT_BY_ALIGNMENT(.literal.*) SORT_BY_ALIGNMENT(.text.*))
 *libzephyr.a:bootloader_panic.*(SORT_BY_ALIGNMENT(.literal) SORT_BY_ALIGNMENT(.text) SORT_BY_ALIGNMENT(.literal.*) SORT_BY_ALIGNMENT(.text.*))
 *libzephyr.a:bootloader_random.*(SORT_BY_ALIGNMENT(.literal) SORT_BY_ALIGNMENT(.text) SORT_BY_ALIGNMENT(.literal.*) SORT_BY_ALIGNMENT(.text.*))
 *libzephyr.a:bootloader_efuse.*(SORT_BY_ALIGNMENT(.literal) SORT_BY_ALIGNMENT(.text) SORT_BY_ALIGNMENT(.literal.*) SORT_BY_ALIGNMENT(.text.*))
 *libzephyr.a:bootloader_utility.*(SORT_BY_ALIGNMENT(.literal) SORT_BY_ALIGNMENT(.text) SORT_BY_ALIGNMENT(.literal.*) SORT_BY_ALIGNMENT(.text.*))
 *libzephyr.a:bootloader_sha.*(SORT_BY_ALIGNMENT(.literal) SORT_BY_ALIGNMENT(.text) SORT_BY_ALIGNMENT(.literal.*) SORT_BY_ALIGNMENT(.text.*))
 *libzephyr.a:esp_image_format.*(SORT_BY_ALIGNMENT(.literal) SORT_BY_ALIGNMENT(.text) SORT_BY_ALIGNMENT(.literal.*) SORT_BY_ALIGNMENT(.text.*))
 *libzephyr.a:flash_encrypt.*(SORT_BY_ALIGNMENT(.literal) SORT_BY_ALIGNMENT(.text) SORT_BY_ALIGNMENT(.literal.*) SORT_BY_ALIGNMENT(.text.*))
 *libzephyr.a:flash_encryption_secure_features.*(SORT_BY_ALIGNMENT(.literal) SORT_BY_ALIGNMENT(.text) SORT_BY_ALIGNMENT(.literal.*) SORT_BY_ALIGNMENT(.text.*))
 *libzephyr.a:flash_partitions.*(SORT_BY_ALIGNMENT(.literal) SORT_BY_ALIGNMENT(.text) SORT_BY_ALIGNMENT(.literal.*) SORT_BY_ALIGNMENT(.text.*))
 *libzephyr.a:flash_qio_mode.*(SORT_BY_ALIGNMENT(.literal) SORT_BY_ALIGNMENT(.text) SORT_BY_ALIGNMENT(.literal.*) SORT_BY_ALIGNMENT(.text.*))
 *libzephyr.a:spi_flash_hal.*(SORT_BY_ALIGNMENT(.literal) SORT_BY_ALIGNMENT(.literal.*) SORT_BY_ALIGNMENT(.text) SORT_BY_ALIGNMENT(.text.*))
 .text.get_flash_clock_divider
                0x40387c58       0x2a zephyr/libzephyr.a(spi_flash_hal.c.obj)
 .text.spi_flash_hal_init
                0x40387c82      0x17e zephyr/libzephyr.a(spi_flash_hal.c.obj)
                0x40387c82                spi_flash_hal_init
 .text.spi_flash_hal_supports_direct_write
                0x40387e00       0x12 zephyr/libzephyr.a(spi_flash_hal.c.obj)
                0x40387e00                spi_flash_hal_supports_direct_write
 .text.spi_flash_hal_supports_direct_read
                0x40387e12       0x12 zephyr/libzephyr.a(spi_flash_hal.c.obj)
                0x40387e12                spi_flash_hal_supports_direct_read
 *libzephyr.a:spi_flash_hal_common.*(SORT_BY_ALIGNMENT(.literal) SORT_BY_ALIGNMENT(.literal.*) SORT_BY_ALIGNMENT(.text) SORT_BY_ALIGNMENT(.text.*))
 *libzephyr.a:esp_flash_api.*(SORT_BY_ALIGNMENT(.literal) SORT_BY_ALIGNMENT(.text) SORT_BY_ALIGNMENT(.literal.*) SORT_BY_ALIGNMENT(.text.*))
 *libzephyr.a:esp_flash_spi_init.*(SORT_BY_ALIGNMENT(.literal) SORT_BY_ALIGNMENT(.text) SORT_BY_ALIGNMENT(.literal.*) SORT_BY_ALIGNMENT(.text.*))
 .text.esp_flash_init_default_chip
                0x40387e24      0x14c zephyr/libzephyr.a(esp_flash_spi_init.c.obj)
                0x40387e24                esp_flash_init_default_chip
 *libzephyr.a:esp_efuse_table.*(SORT_BY_ALIGNMENT(.literal) SORT_BY_ALIGNMENT(.text) SORT_BY_ALIGNMENT(.literal.*) SORT_BY_ALIGNMENT(.text.*))
 *libzephyr.a:esp_efuse_fields.*(SORT_BY_ALIGNMENT(.literal) SORT_BY_ALIGNMENT(.text) SORT_BY_ALIGNMENT(.literal.*) SORT_BY_ALIGNMENT(.text.*))
 *libzephyr.a:esp_efuse_api.*(SORT_BY_ALIGNMENT(.literal) SORT_BY_ALIGNMENT(.text) SORT_BY_ALIGNMENT(.literal.*) SORT_BY_ALIGNMENT(.text.*))
 *libzephyr.a:esp_efuse_utility.*(SORT_BY_ALIGNMENT(.literal) SORT_BY_ALIGNMENT(.text) SORT_BY_ALIGNMENT(.literal.*) SORT_BY_ALIGNMENT(.text.*))
 *libzephyr.a:esp_efuse_api_key_esp32xx.*(SORT_BY_ALIGNMENT(.literal) SORT_BY_ALIGNMENT(.text) SORT_BY_ALIGNMENT(.literal.*) SORT_BY_ALIGNMENT(.text.*))
 *libzephyr.a:secure_boot.*(SORT_BY_ALIGNMENT(.literal) SORT_BY_ALIGNMENT(.text) SORT_BY_ALIGNMENT(.literal.*) SORT_BY_ALIGNMENT(.text.*))
 *libzephyr.a:secure_boot_secure_features.*(SORT_BY_ALIGNMENT(.literal) SORT_BY_ALIGNMENT(.text) SORT_BY_ALIGNMENT(.literal.*) SORT_BY_ALIGNMENT(.text.*))
 *libzephyr.a:secure_boot_signatures_bootloader.*(SORT_BY_ALIGNMENT(.literal) SORT_BY_ALIGNMENT(.text) SORT_BY_ALIGNMENT(.literal.*) SORT_BY_ALIGNMENT(.text.*))
 *libzephyr.a:cpu_region_protect.*(SORT_BY_ALIGNMENT(.literal) SORT_BY_ALIGNMENT(.text) SORT_BY_ALIGNMENT(.literal.*) SORT_BY_ALIGNMENT(.text.*))
 *libzephyr.a:esp_gpio_reserve.*(SORT_BY_ALIGNMENT(.literal) SORT_BY_ALIGNMENT(.text) SORT_BY_ALIGNMENT(.literal.*) SORT_BY_ALIGNMENT(.text.*))
                0x40387f80                        . = (ALIGN (0x10) + 0x10)
 *fill*         0x40387f70       0x10 
                0x40387f80                        _loader_text_end = ABSOLUTE (.)

.iram0.text_end
                0x40387f80        0x0 load address 0x00007fa4
                0x40387f80                        . = ALIGN (0x10)
                0x40387f80                        _iram_text_end = ABSOLUTE (.)

.iram0.data     0x40387f80        0x0 load address 0x00007fa4
                0x40387f80                        . = ALIGN (0x10)
 *(SORT_BY_ALIGNMENT(.iram.data))
 *(SORT_BY_ALIGNMENT(.iram.data*))

.iram0.bss      0x40387f80        0x0 load address 0x00007fa4
                0x40387f80                        . = ALIGN (0x10)
 *(SORT_BY_ALIGNMENT(.iram.bss))
 *(SORT_BY_ALIGNMENT(.iram.bss*))
                0x40387f80                        . = ALIGN (0x10)
                0x40387f80                        _iram_end = ABSOLUTE (.)

.dram0.dummy    0x3fc80000     0x7f90
                0x3fc87f80                        . = ((ORIGIN (dram0_0_seg) + MAX (_iram_end, user_iram_seg_org)) - user_iram_seg_org)
 *fill*         0x3fc80000     0x7f80 
                0x3fc87f90                        . = (ALIGN (0x10) + 0x10)
 *fill*         0x3fc87f80       0x10 

.dram0.data     0x3fc87f90     0x1098 load address 0x00007fa4
                0x3fc87f90                        . = ALIGN (0x4)
                0x3fc87f90                        _data_start = ABSOLUTE (.)
                0x3fc87f90                        __data_start = ABSOLUTE (.)
 *(SORT_BY_ALIGNMENT(.data))
 *(SORT_BY_ALIGNMENT(.data.*))
 .data.s_config
                0x3fc87f90       0x88 zephyr/libzephyr.a(sleep_modes.c.obj)
 .data.map      0x3fc88018       0x18 zephyr/libzephyr.a(loader.c.obj)
 .data.default_registered_chips
                0x3fc88030       0x20 zephyr/libzephyr.a(spi_flash_chip_drivers.c.obj)
 .data.periph_spinlock
                0x3fc88050        0xc zephyr/libzephyr.a(periph_ctrl.c.obj)
 .data.mux      0x3fc8805c        0xc zephyr/libzephyr.a(sar_periph_ctrl_common.c.obj)
 .data.s_spinlock
                0x3fc88068        0xc zephyr/libzephyr.a(esp_cache_msync.c.obj)
 .data.__stdout
                0x3fc88074       0x14 zephyr/lib/libc/picolibc/liblib__libc__picolibc.a(stdio.c.obj)
 .data.gpio_config_0
                0x3fc88088       0x10 zephyr/drivers/gpio/libdrivers__gpio.a(gpio_esp32.c.obj)
 .data.uart_esp32_data_0
                0x3fc88098        0xc zephyr/drivers/serial/libdrivers__serial.a(uart_esp32.c.obj)
 *(SORT_BY_ALIGNMENT(.gnu.linkonce.d.*))
 *(SORT_BY_ALIGNMENT(.data1))
                0x3fc880a8                        . = ALIGN (0x8)
 *fill*         0x3fc880a4        0x4 
                0x3fc888a8                        __global_pointer$ = (. + 0x800)
 *(SORT_BY_ALIGNMENT(.sdata))
 *(SORT_BY_ALIGNMENT(.sdata.*))
 .sdata._char_out
                0x3fc880a8        0x4 zephyr/libzephyr.a(printk.c.obj)
 .sdata.esp_flash_registered_chips
                0x3fc880ac        0x4 zephyr/libzephyr.a(spi_flash_chip_drivers.c.obj)
                0x3fc880ac                esp_flash_registered_chips
 .sdata._putc1  0x3fc880b0        0x4 zephyr/libzephyr.a(esp_rom_sys.c.obj)
                0x3fc880b0                _putc1
 .sdata.current_read_mapping
                0x3fc880b4        0x4 zephyr/libzephyr.a(bootloader_flash.c.obj)
 .sdata.slice_ticks
                0x3fc880b8        0x4 zephyr/kernel/libkernel.a(timeslicing.c.obj)
 .sdata.announcing_cpu
                0x3fc880bc        0x4 zephyr/kernel/libkernel.a(timeout.c.obj)
 .sdata.timeout_list
                0x3fc880c0        0x8 zephyr/kernel/libkernel.a(timeout.c.obj)
 *(SORT_BY_ALIGNMENT(.gnu.linkonce.s.*))
 *(SORT_BY_ALIGNMENT(.sdata2))
 *(SORT_BY_ALIGNMENT(.sdata2.*))
 *(SORT_BY_ALIGNMENT(.gnu.linkonce.s2.*))
 *libkernel.a:fatal.*(SORT_BY_ALIGNMENT(.rodata) SORT_BY_ALIGNMENT(.rodata.*) SORT_BY_ALIGNMENT(.srodata) SORT_BY_ALIGNMENT(.srodata.*))
 *libkernel.a:init.*(SORT_BY_ALIGNMENT(.rodata) SORT_BY_ALIGNMENT(.rodata.*) SORT_BY_ALIGNMENT(.srodata) SORT_BY_ALIGNMENT(.srodata.*))
 .rodata.z_cstart.str1.4
                0x3fc880c8        0x5 zephyr/kernel/libkernel.a(init.c.obj)
 .rodata.levels.0
                0x3fc880c8       0x18 zephyr/kernel/libkernel.a(init.c.obj)
 *libzephyr.a:cbprintf_complete*(SORT_BY_ALIGNMENT(.rodata) SORT_BY_ALIGNMENT(.rodata.*) SORT_BY_ALIGNMENT(.srodata) SORT_BY_ALIGNMENT(.srodata.*))
 *libzephyr.a:log_core.*(SORT_BY_ALIGNMENT(.rodata) SORT_BY_ALIGNMENT(.rodata.*) SORT_BY_ALIGNMENT(.srodata) SORT_BY_ALIGNMENT(.srodata.*))
 *libzephyr.a:log_backend_uart.*(SORT_BY_ALIGNMENT(.rodata) SORT_BY_ALIGNMENT(.rodata.*) SORT_BY_ALIGNMENT(.srodata) SORT_BY_ALIGNMENT(.srodata.*))
 *libzephyr.a:log_output.*(SORT_BY_ALIGNMENT(.rodata) SORT_BY_ALIGNMENT(.rodata.*) SORT_BY_ALIGNMENT(.srodata) SORT_BY_ALIGNMENT(.srodata.*))
 *libdrivers__flash.a:flash_esp32.*(SORT_BY_ALIGNMENT(.rodata) SORT_BY_ALIGNMENT(.rodata.*) SORT_BY_ALIGNMENT(.srodata) SORT_BY_ALIGNMENT(.srodata.*))
 *libdrivers__serial.a:uart_esp32.*(SORT_BY_ALIGNMENT(.rodata) SORT_BY_ALIGNMENT(.rodata.*) SORT_BY_ALIGNMENT(.srodata) SORT_BY_ALIGNMENT(.srodata.*))
 .rodata.str1.4
                0x3fc880e0        0xe zephyr/drivers/serial/libdrivers__serial.a(uart_esp32.c.obj)
 .srodata.__pinctrl_dev_config__device_dts_ord_47
                0x3fc880e0        0x8 zephyr/drivers/serial/libdrivers__serial.a(uart_esp32.c.obj)
 .srodata.__pinctrl_states__device_dts_ord_47
                0x3fc880e8        0x8 zephyr/drivers/serial/libdrivers__serial.a(uart_esp32.c.obj)
 .rodata.__pinctrl_state_pins_0__device_dts_ord_47
                0x3fc880f0       0x10 zephyr/drivers/serial/libdrivers__serial.a(uart_esp32.c.obj)
 .srodata.cst4  0x3fc88100        0x4 zephyr/drivers/serial/libdrivers__serial.a(uart_esp32.c.obj)
 .rodata        0x3fc88104       0x28 zephyr/drivers/serial/libdrivers__serial.a(uart_esp32.c.obj)
 *libzephyr.a:periph_ctrl.*(SORT_BY_ALIGNMENT(.rodata) SORT_BY_ALIGNMENT(.rodata.*) SORT_BY_ALIGNMENT(.srodata) SORT_BY_ALIGNMENT(.srodata.*))
 .rodata.non_shared_periph_module_enable
                0x3fc8812c       0x48 zephyr/libzephyr.a(periph_ctrl.c.obj)
 .rodata.non_shared_periph_module_disable
                0x3fc88174       0x48 zephyr/libzephyr.a(periph_ctrl.c.obj)
 .rodata.CSWTCH.8
                0x3fc881bc       0x24 zephyr/libzephyr.a(periph_ctrl.c.obj)
 .rodata.CSWTCH.6
                0x3fc881e0       0x24 zephyr/libzephyr.a(periph_ctrl.c.obj)
 *libzephyr.a:loader.*(SORT_BY_ALIGNMENT(.rodata) SORT_BY_ALIGNMENT(.rodata.*) SORT_BY_ALIGNMENT(.srodata) SORT_BY_ALIGNMENT(.srodata.*))
 .rodata.map_rom_segments.str1.4
                0x3fc88204      0x49d zephyr/libzephyr.a(loader.c.obj)
                                 0xe8 (size before relaxing)
 .rodata.__start.str1.4
                0x3fc886a1       0x43 zephyr/libzephyr.a(loader.c.obj)
 *fill*         0x3fc886a1        0x3 
 .srodata.libc_heap_size
                0x3fc886a4        0x4 zephyr/libzephyr.a(loader.c.obj)
 *libzephyr.a:flash_init.*(SORT_BY_ALIGNMENT(.rodata) SORT_BY_ALIGNMENT(.rodata.*))
 .rodata.esp_flash_config.str1.4
                0x3fc886a8       0x33 zephyr/libzephyr.a(flash_init.c.obj)
 *libzephyr.a:soc_flash_init.*(SORT_BY_ALIGNMENT(.rodata) SORT_BY_ALIGNMENT(.rodata.*))
 .rodata.init_spi_flash.str1.4
                0x3fc886a8       0x9d zephyr/libzephyr.a(soc_flash_init.c.obj)